ARM Linker, 4.1 [Build 791] [Standard]

==============================================================================

Section Cross References

    main.o(i.App_Task1) refers to os_mutex.o(i.OSMutexCreate) for OSMutexCreate
    main.o(i.App_Task1) refers to stm324xg_eval.o(i.STM_EVAL_LEDOffAll) for STM_EVAL_LEDOffAll
    main.o(i.App_Task1) refers to os_time.o(i.OSTimeDly) for OSTimeDly
    main.o(i.App_Task1) refers to stm324xg_eval.o(i.STM_EVAL_LEDOnAll) for STM_EVAL_LEDOnAll
    main.o(i.App_Task1) refers to os_mutex.o(i.OSMutexPend) for OSMutexPend
    main.o(i.App_Task1) refers to usart.o(i.USART1_Printf) for USART1_Printf
    main.o(i.App_Task1) refers to os_mutex.o(i.OSMutexPost) for OSMutexPost
    main.o(i.App_Task1) refers to main.o(.data) for .data
    main.o(i.App_TaskStart) refers to os_cpu_c.o(i.OS_CPU_SysTickInit) for OS_CPU_SysTickInit
    main.o(i.App_TaskStart) refers to os_core.o(i.OSStatInit) for OSStatInit
    main.o(i.App_TaskStart) refers to os_task.o(i.OSTaskCreate) for OSTaskCreate
    main.o(i.App_TaskStart) refers to bsp.o(i.BSP_Init) for BSP_Init
    main.o(i.App_TaskStart) refers to os_task.o(i.OSTaskSuspend) for OSTaskSuspend
    main.o(i.App_TaskStart) refers to main.o(.bss) for .bss
    main.o(i.App_TaskStart) refers to main.o(i.App_Task1) for App_Task1
    main.o(i.App_TaskStart) refers to main.o(i.App_Task_Printf) for App_Task_Printf
    main.o(i.App_Task_Printf) refers to os_task.o(i.OSTaskSuspend) for OSTaskSuspend
    main.o(i.App_Task_Printf) refers to os_mutex.o(i.OSMutexPend) for OSMutexPend
    main.o(i.App_Task_Printf) refers to usart.o(i.USART1_Printf) for USART1_Printf
    main.o(i.App_Task_Printf) refers to os_mutex.o(i.OSMutexPost) for OSMutexPost
    main.o(i.App_Task_Printf) refers to stm324xg_eval_lcd.o(i.LCD_SetBackColor) for LCD_SetBackColor
    main.o(i.App_Task_Printf) refers to stm324xg_eval_lcd.o(i.LCD_SetTextColor) for LCD_SetTextColor
    main.o(i.App_Task_Printf) refers to stm324xg_eval_lcd.o(i.LCD_GetFont) for LCD_GetFont
    main.o(i.App_Task_Printf) refers to stm324xg_eval_lcd.o(i.LCD_DisplayStringLine) for LCD_DisplayStringLine
    main.o(i.App_Task_Printf) refers to main.o(.data) for .data
    main.o(i.main) refers to os_core.o(i.OSInit) for OSInit
    main.o(i.main) refers to os_task.o(i.OSTaskCreate) for OSTaskCreate
    main.o(i.main) refers to os_core.o(i.OSStart) for OSStart
    main.o(i.main) refers to main.o(.bss) for .bss
    main.o(i.main) refers to main.o(i.App_TaskStart) for App_TaskStart
    stm32f4xx_it.o(i.SysTick_Handler) refers to delay.o(i.TimeTick_Decrement) for TimeTick_Decrement
    stm32f4xx_it.o(i.SysTick_Handler) refers to os_cpu_a.o(.text) for OS_CPU_SR_Save
    stm32f4xx_it.o(i.SysTick_Handler) refers to os_core.o(i.OSTimeTick) for OSTimeTick
    stm32f4xx_it.o(i.SysTick_Handler) refers to os_core.o(i.OSIntExit) for OSIntExit
    stm32f4xx_it.o(i.SysTick_Handler) refers to os_core.o(.data) for OSIntNesting
    stm32f4xx_it.o(i.USART1_IRQHandler) refers to os_cpu_a.o(.text) for OS_CPU_SR_Save
    stm32f4xx_it.o(i.USART1_IRQHandler) refers to stm32f4xx_usart.o(i.USART_GetITStatus) for USART_GetITStatus
    stm32f4xx_it.o(i.USART1_IRQHandler) refers to stm32f4xx_usart.o(i.USART_ReceiveData) for USART_ReceiveData
    stm32f4xx_it.o(i.USART1_IRQHandler) refers to usart.o(i.USART1_SendByte) for USART1_SendByte
    stm32f4xx_it.o(i.USART1_IRQHandler) refers to os_task.o(i.OSTaskResume) for OSTaskResume
    stm32f4xx_it.o(i.USART1_IRQHandler) refers to os_core.o(i.OSIntExit) for OSIntExit
    stm32f4xx_it.o(i.USART1_IRQHandler) refers to os_core.o(.data) for OSIntNesting
    bsp.o(i.BSP_CPU_ClkFreq) refers to stm32f4xx_rcc.o(i.RCC_GetClocksFreq) for RCC_GetClocksFreq
    bsp.o(i.BSP_Init) refers to bsp.o(i.GPIO_Configuration) for GPIO_Configuration
    bsp.o(i.BSP_Init) refers to bsp.o(i.EXTI_Config) for EXTI_Config
    bsp.o(i.EXTI_Config) refers to misc.o(i.NVIC_PriorityGroupConfig) for NVIC_PriorityGroupConfig
    bsp.o(i.EXTI_Config) refers to misc.o(i.NVIC_Init) for NVIC_Init
    bsp.o(i.GPIO_Configuration) refers to stm324xg_eval.o(i.STM_EVAL_LEDInitAll) for STM_EVAL_LEDInitAll
    bsp.o(i.GPIO_Configuration) refers to usart.o(i.USART1_Config) for USART1_Config
    bsp.o(i.GPIO_Configuration) refers to stm324xg_eval_lcd.o(i.STM324xG_LCD_Init) for STM324xG_LCD_Init
    bsp.o(i.OS_CPU_SysTickClkFreq) refers to bsp.o(i.BSP_CPU_ClkFreq) for BSP_CPU_ClkFreq
    delay.o(i.SysTick_Init) refers to system_stm32f4xx.o(.data) for SystemCoreClock
    delay.o(i.TimeTick_Decrement) refers to delay.o(.data) for .data
    delay.o(i.delay_1ms) refers to delay.o(.data) for .data
    delay.o(i.delay_nms) refers to delay.o(i.delay_1ms) for delay_1ms
    delay.o(i.delay_nus) refers to delay.o(.data) for .data
    stm324xg_eval_lcd.o(i.LCD_Clear) refers to stm324xg_eval_lcd.o(i.LCD_SetCursor) for LCD_SetCursor
    stm324xg_eval_lcd.o(i.LCD_ClearLine) refers to stm324xg_eval_lcd.o(i.LCD_DisplayChar) for LCD_DisplayChar
[...]
    ..\\Libraries\\STM32F4xx_StdPeriph_Driver\\src\\stm32f4xx_cryp_des.c 0x00000000   Number         0  stm32f4xx_cryp_des.o ABSOLUTE
    ..\\Libraries\\STM32F4xx_StdPeriph_Driver\\src\\stm32f4xx_cryp_tdes.c 0x00000000   Number         0  stm32f4xx_cryp_tdes.o ABSOLUTE
    ..\\Libraries\\STM32F4xx_StdPeriph_Driver\\src\\stm32f4xx_dac.c 0x00000000   Number         0  stm32f4xx_dac.o ABSOLUTE
    ..\\Libraries\\STM32F4xx_StdPeriph_Driver\\src\\stm32f4xx_dbgmcu.c 0x00000000   Number         0  stm32f4xx_dbgmcu.o ABSOLUTE
    ..\\Libraries\\STM32F4xx_StdPeriph_Driver\\src\\stm32f4xx_dcmi.c 0x00000000   Number         0  stm32f4xx_dcmi.o ABSOLUTE
    ..\\Libraries\\STM32F4xx_StdPeriph_Driver\\src\\stm32f4xx_dma.c 0x00000000   Number         0  stm32f4xx_dma.o ABSOLUTE
    ..\\Libraries\\STM32F4xx_StdPeriph_Driver\\src\\stm32f4xx_exti.c 0x00000000   Number         0  stm32f4xx_exti.o ABSOLUTE
    ..\\Libraries\\STM32F4xx_StdPeriph_Driver\\src\\stm32f4xx_flash.c 0x00000000   Number         0  stm32f4xx_flash.o ABSOLUTE
    ..\\Libraries\\STM32F4xx_StdPeriph_Driver\\src\\stm32f4xx_fsmc.c 0x00000000   Number         0  stm32f4xx_fsmc.o ABSOLUTE
    ..\\Libraries\\STM32F4xx_StdPeriph_Driver\\src\\stm32f4xx_gpio.c 0x00000000   Number         0  stm32f4xx_gpio.o ABSOLUTE
    ..\\Libraries\\STM32F4xx_StdPeriph_Driver\\src\\stm32f4xx_hash.c 0x00000000   Number         0  stm32f4xx_hash.o ABSOLUTE
    ..\\Libraries\\STM32F4xx_StdPeriph_Driver\\src\\stm32f4xx_hash_md5.c 0x00000000   Number         0  stm32f4xx_hash_md5.o ABSOLUTE
    ..\\Libraries\\STM32F4xx_StdPeriph_Driver\\src\\stm32f4xx_hash_sha1.c 0x00000000   Number         0  stm32f4xx_hash_sha1.o ABSOLUTE
    ..\\Libraries\\STM32F4xx_StdPeriph_Driver\\src\\stm32f4xx_i2c.c 0x00000000   Number         0  stm32f4xx_i2c.o ABSOLUTE
    ..\\Libraries\\STM32F4xx_StdPeriph_Driver\\src\\stm32f4xx_iwdg.c 0x00000000   Number         0  stm32f4xx_iwdg.o ABSOLUTE
    ..\\Libraries\\STM32F4xx_StdPeriph_Driver\\src\\stm32f4xx_pwr.c 0x00000000   Number         0  stm32f4xx_pwr.o ABSOLUTE
    ..\\Libraries\\STM32F4xx_StdPeriph_Driver\\src\\stm32f4xx_rcc.c 0x00000000   Number         0  stm32f4xx_rcc.o ABSOLUTE
    ..\\Libraries\\STM32F4xx_StdPeriph_Driver\\src\\stm32f4xx_rng.c 0x00000000   Number         0  stm32f4xx_rng.o ABSOLUTE
    ..\\Libraries\\STM32F4xx_StdPeriph_Driver\\src\\stm32f4xx_rtc.c 0x00000000   Number         0  stm32f4xx_rtc.o ABSOLUTE
    ..\\Libraries\\STM32F4xx_StdPeriph_Driver\\src\\stm32f4xx_sdio.c 0x00000000   Number         0  stm32f4xx_sdio.o ABSOLUTE
    ..\\Libraries\\STM32F4xx_StdPeriph_Driver\\src\\stm32f4xx_spi.c 0x00000000   Number         0  stm32f4xx_spi.o ABSOLUTE
    ..\\Libraries\\STM32F4xx_StdPeriph_Driver\\src\\stm32f4xx_syscfg.c 0x00000000   Number         0  stm32f4xx_syscfg.o ABSOLUTE
    ..\\Libraries\\STM32F4xx_StdPeriph_Driver\\src\\stm32f4xx_tim.c 0x00000000   Number         0  stm32f4xx_tim.o ABSOLUTE
    ..\\Libraries\\STM32F4xx_StdPeriph_Driver\\src\\stm32f4xx_usart.c 0x00000000   Number         0  stm32f4xx_usart.o ABSOLUTE
    ..\\Libraries\\STM32F4xx_StdPeriph_Driver\\src\\stm32f4xx_wwdg.c 0x00000000   Number         0  stm32f4xx_wwdg.o ABSOLUTE
    ..\\STM32_EVAL\\STM3240_41_G_EVAL\\stm324xg_eval.c 0x00000000   Number         0  stm324xg_eval.o ABSOLUTE
    ..\\STM32_EVAL\\STM3240_41_G_EVAL\\stm324xg_eval_fsmc_sram.c 0x00000000   Number         0  stm324xg_eval_fsmc_sram.o ABSOLUTE
    ..\\STM32_EVAL\\STM3240_41_G_EVAL\\stm324xg_eval_ioe.c 0x00000000   Number         0  stm324xg_eval_ioe.o ABSOLUTE
    ..\\STM32_EVAL\\STM3240_41_G_EVAL\\stm324xg_eval_lcd.c 0x00000000   Number         0  stm324xg_eval_lcd.o ABSOLUTE
    ..\\Usart\\str\\usart.c                  0x00000000   Number         0  usart.o ABSOLUTE
    ..\\User\\str\\main.c                    0x00000000   Number         0  main.o ABSOLUTE
    ..\\User\\str\\stm32f4xx_it.c            0x00000000   Number         0  stm32f4xx_it.o ABSOLUTE
    ..\\delay\\delay.c                       0x00000000   Number         0  delay.o ABSOLUTE
    ..\\ucos_ii\\Ports\\os_cpu_c.c           0x00000000   Number         0  os_cpu_c.o ABSOLUTE
    ..\delay\delay.c                         0x00000000   Number         0  delay.o ABSOLUTE
    ..\ucos_ii\Ports\os_cpu_a.asm            0x00000000   Number         0  os_cpu_a.o ABSOLUTE
    ..\ucos_ii\Ports\os_cpu_c.c              0x00000000   Number         0  os_cpu_c.o ABSOLUTE
    ..\ucos_ii\Ports\os_dbg.c                0x00000000   Number         0  os_dbg.o ABSOLUTE
    ..\ucos_ii\Source\os_core.c              0x00000000   Number         0  os_core.o ABSOLUTE
    ..\ucos_ii\Source\os_flag.c              0x00000000   Number         0  os_flag.o ABSOLUTE
    ..\ucos_ii\Source\os_mbox.c              0x00000000   Number         0  os_mbox.o ABSOLUTE
    ..\ucos_ii\Source\os_mem.c               0x00000000   Number         0  os_mem.o ABSOLUTE
    ..\ucos_ii\Source\os_mutex.c             0x00000000   Number         0  os_mutex.o ABSOLUTE
    ..\ucos_ii\Source\os_q.c                 0x00000000   Number         0  os_q.o ABSOLUTE
    ..\ucos_ii\Source\os_sem.c               0x00000000   Number         0  os_sem.o ABSOLUTE
    ..\ucos_ii\Source\os_task.c              0x00000000   Number         0  os_task.o ABSOLUTE
    ..\ucos_ii\Source\os_time.c              0x00000000   Number         0  os_time.o ABSOLUTE
    ..\ucos_ii\Source\os_tmr.c               0x00000000   Number         0  os_tmr.o ABSOLUTE
    dc.s                                     0x00000000   Number         0  dc.o ABSOLUTE
    RESET                                    0x08000000   Section      392  startup_stm32f4xx.o(RESET)
    !!!main                                  0x08000188   Section        8  __main.o(!!!main)
    !!!scatter                               0x08000190   Section       52  __scatter.o(!!!scatter)
    !!handler_copy                           0x080001c4   Section       26  __scatter_copy.o(!!handler_copy)
    !!handler_zi                             0x080001e0   Section       28  __scatter_zi.o(!!handler_zi)
    .ARM.Collect$$libinit$$00000000          0x080001fc   Section        6  libinit.o(.ARM.Collect$$libinit$$00000000)
    .ARM.Collect$$libinit$$00000006          0x08000202   Section        0  libinit2.o(.ARM.Collect$$libinit$$00000006)
    .ARM.Collect$$libinit$$00000008          0x08000202   Section        0  libinit2.o(.ARM.Collect$$libinit$$00000008)
    .ARM.Collect$$libinit$$0000000A          0x08000202   Section        0  libinit2.o(.ARM.Collect$$libinit$$0000000A)
    .ARM.Collect$$libinit$$0000000D          0x08000202   Section        0  libinit2.o(.ARM.Collect$$libinit$$0000000D)
    .ARM.Collect$$libinit$$0000000F          0x08000202   Section        0  libinit2.o(.ARM.Collect$$libinit$$0000000F)
    .ARM.Collect$$libinit$$00000011          0x08000202   Section        0  libinit2.o(.ARM.Collect$$libinit$$00000011)
    .ARM.Collect$$libinit$$00000013          0x08000202   Section        0  libinit2.o(.ARM.Collect$$libinit$$00000013)
    .ARM.Collect$$libinit$$00000015          0x08000202   Section        0  libinit2.o(.ARM.Collect$$libinit$$00000015)
    .ARM.Collect$$libinit$$00000017          0x08000202   Section        0  libinit2.o(.ARM.Collect$$libinit$$00000017)
    .ARM.Collect$$libinit$$00000019          0x08000202   Section        0  libinit2.o(.ARM.Collect$$libinit$$00000019)
    .ARM.Collect$$libinit$$0000001B          0x08000202   Section        0  libinit2.o(.ARM.Collect$$libinit$$0000001B)
    .ARM.Collect$$libinit$$0000001D          0x08000202   Section        0  libinit2.o(.ARM.Collect$$libinit$$0000001D)
    .ARM.Collect$$libinit$$0000001F          0x08000202   Section        0  libinit2.o(.ARM.Collect$$libinit$$0000001F)
    .ARM.Collect$$libinit$$00000021          0x08000202   Section        0  libinit2.o(.ARM.Collect$$libinit$$00000021)
    .ARM.Collect$$libinit$$00000028          0x08000202   Section        0  libinit2.o(.ARM.Collect$$libinit$$00000028)
    .ARM.Collect$$libinit$$0000002A          0x08000202   Section        0  libinit2.o(.ARM.Collect$$libinit$$0000002A)
    .ARM.Collect$$libinit$$0000002C          0x08000202   Section        0  libinit2.o(.ARM.Collect$$libinit$$0000002C)
    .ARM.Collect$$libinit$$0000002E          0x08000202   Section        0  libinit2.o(.ARM.Collect$$libinit$$0000002E)
    .ARM.Collect$$libinit$$0000002F          0x08000202   Section        2  libinit2.o(.ARM.Collect$$libinit$$0000002F)
    .ARM.Collect$$libshutdown$$00000000      0x08000204   Section        2  libshutdown.o(.ARM.Collect$$libshutdown$$00000000)
    .ARM.Collect$$libshutdown$$00000003      0x08000206   Section        0  libshutdown2.o(.ARM.Collect$$libshutdown$$00000003)
    .ARM.Collect$$libshutdown$$00000006      0x08000206   Section        0  libshutdown2.o(.ARM.Collect$$libshutdown$$00000006)
    .ARM.Collect$$libshutdown$$00000009      0x08000206   Section        0  libshutdown2.o(.ARM.Collect$$libshutdown$$00000009)
    .ARM.Collect$$libshutdown$$0000000B      0x08000206   Section        0  libshutdown2.o(.ARM.Collect$$libshutdown$$0000000B)
    .ARM.Collect$$libshutdown$$0000000E      0x08000206   Section        0  libshutdown2.o(.ARM.Collect$$libshutdown$$0000000E)
    .ARM.Collect$$libshutdown$$0000000F      0x08000206   Section        2  libshutdown2.o(.ARM.Collect$$libshutdown$$0000000F)
    .ARM.Collect$$rtentry$$00000000          0x08000208   Section        0  rtentry.o(.ARM.Collect$$rtentry$$00000000)
    .ARM.Collect$$rtentry$$00000002          0x08000208   Section        0  rtentry2.o(.ARM.Collect$$rtentry$$00000002)
    .ARM.Collect$$rtentry$$00000004          0x08000208   Section        6  rtentry4.o(.ARM.Collect$$rtentry$$00000004)
    .ARM.Collect$$rtentry$$00000009          0x0800020e   Section        0  rtentry2.o(.ARM.Collect$$rtentry$$00000009)
    .ARM.Collect$$rtentry$$0000000A          0x0800020e   Section        4  rtentry2.o(.ARM.Collect$$rtentry$$0000000A)
    .ARM.Collect$$rtentry$$0000000C          0x08000212   Section        0  rtentry2.o(.ARM.Collect$$rtentry$$0000000C)
    .ARM.Collect$$rtentry$$0000000D          0x08000212   Section        8  rtentry2.o(.ARM.Collect$$rtentry$$0000000D)
    .ARM.Collect$$rtexit$$00000000           0x0800021a   Section        2  rtexit.o(.ARM.Collect$$rtexit$$00000000)
    .ARM.Collect$$rtexit$$00000002           0x0800021c   Section        0  rtexit2.o(.ARM.Collect$$rtexit$$00000002)
    .ARM.Collect$$rtexit$$00000003           0x0800021c   Section        4  rtexit2.o(.ARM.Collect$$rtexit$$00000003)
    .ARM.Collect$$rtexit$$00000004           0x08000220   Section        6  rtexit2.o(.ARM.Collect$$rtexit$$00000004)
    .text                                    0x08000228   Section       64  startup_stm32f4xx.o(.text)
    $v0                                      0x08000228   Number         0  startup_stm32f4xx.o(.text)
    .text                                    0x08000268   Section      164  os_cpu_a.o(.text)
    $v0                                      0x08000268   Number         0  os_cpu_a.o(.text)
    .text                                    0x0800030c   Section        0  heapauxi.o(.text)
    .text                                    0x08000312   Section       74  sys_stackheap_outer.o(.text)
    .text                                    0x0800035c   Section        0  exit.o(.text)
    .text                                    0x08000368   Section        8  libspace.o(.text)
    .text                                    0x08000370   Section        2  use_no_semi.o(.text)
    .text                                    0x08000372   Section        0  indicate_semi.o(.text)
    .text                                    0x08000374   Section        0  sys_exit.o(.text)
    i.App_Task1                              0x08000380   Section        0  main.o(i.App_Task1)
    App_Task1                                0x08000381   Thumb Code    64  main.o(i.App_Task1)
    i.App_TaskStart                          0x080003d8   Section        0  main.o(i.App_TaskStart)
    App_TaskStart                            0x080003d9   Thumb Code    44  main.o(i.App_TaskStart)
    i.App_Task_Printf                        0x08000414   Section        0  main.o(i.App_Task_Printf)
    App_Task_Printf                          0x08000415   Thumb Code    92  main.o(i.App_Task_Printf)
    i.BSP_CPU_ClkFreq                        0x080004c8   Section        0  bsp.o(i.BSP_CPU_ClkFreq)
    i.BSP_Init                               0x080004d6   Section        0  bsp.o(i.BSP_Init)
    i.BusFault_Handler                       0x080004e4   Section        0  stm32f4xx_it.o(i.BusFault_Handler)
    i.DebugMon_Handler                       0x080004e6   Section        0  stm32f4xx_it.o(i.DebugMon_Handler)
    i.EXTI_Config                            0x080004e8   Section        0  bsp.o(i.EXTI_Config)
    i.FSMC_NORSRAMCmd                        0x0800050c   Section        0  stm32f4xx_fsmc.o(i.FSMC_NORSRAMCmd)
    i.FSMC_NORSRAMInit                       0x0800052c   Section        0  stm32f4xx_fsmc.o(i.FSMC_NORSRAMInit)
    i.GPIO_Configuration                     0x080005ec   Section        0  bsp.o(i.GPIO_Configuration)
    i.GPIO_Init                              0x08000600   Section        0  stm32f4xx_gpio.o(i.GPIO_Init)
    i.GPIO_PinAFConfig                       0x0800067c   Section        0  stm32f4xx_gpio.o(i.GPIO_PinAFConfig)
    i.GPIO_SetBits                           0x0800069c   Section        0  stm32f4xx_gpio.o(i.GPIO_SetBits)
    i.HardFault_Handler                      0x080006a0   Section        0  stm32f4xx_it.o(i.HardFault_Handler)
    i.LCD_Clear                              0x080006a2   Section        0  stm324xg_eval_lcd.o(i.LCD_Clear)
    i.LCD_CtrlLinesConfig                    0x080006c8   Section        0  stm324xg_eval_lcd.o(i.LCD_CtrlLinesConfig)
    i.LCD_DisplayChar                        0x08000834   Section        0  stm324xg_eval_lcd.o(i.LCD_DisplayChar)
    i.LCD_DisplayStringLine                  0x08000854   Section        0  stm324xg_eval_lcd.o(i.LCD_DisplayStringLine)
    i.LCD_DrawChar                           0x0800088c   Section        0  stm324xg_eval_lcd.o(i.LCD_DrawChar)
    i.LCD_FSMCConfig                         0x0800092c   Section        0  stm324xg_eval_lcd.o(i.LCD_FSMCConfig)
    i.LCD_GetFont                            0x0800099c   Section        0  stm324xg_eval_lcd.o(i.LCD_GetFont)
    i.LCD_ReadReg                            0x080009a8   Section        0  stm324xg_eval_lcd.o(i.LCD_ReadReg)
    i.LCD_SetBackColor                       0x080009b4   Section        0  stm324xg_eval_lcd.o(i.LCD_SetBackColor)
    i.LCD_SetColors                          0x080009c0   Section        0  stm324xg_eval_lcd.o(i.LCD_SetColors)
    i.LCD_SetCursor                          0x080009cc   Section        0  stm324xg_eval_lcd.o(i.LCD_SetCursor)
    i.LCD_SetTextColor                       0x08000a24   Section        0  stm324xg_eval_lcd.o(i.LCD_SetTextColor)
    i.LCD_WriteReg                           0x08000a30   Section        0  stm324xg_eval_lcd.o(i.LCD_WriteReg)
    i.MemManage_Handler                      0x08000a3a   Section        0  stm32f4xx_it.o(i.MemManage_Handler)
    i.NMI_Handler                            0x08000a3c   Section        0  stm32f4xx_it.o(i.NMI_Handler)
    i.NVIC_Init                              0x08000a40   Section        0  misc.o(i.NVIC_Init)
    i.NVIC_PriorityGroupConfig               0x08000aa4   Section        0  misc.o(i.NVIC_PriorityGroupConfig)
    i.OSEventNameSet                         0x08000ab8   Section        0  os_core.o(i.OSEventNameSet)
    i.OSInit                                 0x08000b04   Section        0  os_core.o(i.OSInit)
    i.OSInitHookBegin                        0x08000bec   Section        0  os_cpu_c.o(i.OSInitHookBegin)
    i.OSInitHookEnd                          0x08000c10   Section        0  os_cpu_c.o(i.OSInitHookEnd)
    i.OSIntExit                              0x08000c14   Section        0  os_core.o(i.OSIntExit)
    i.OSMutexCreate                          0x08000c70   Section        0  os_mutex.o(i.OSMutexCreate)
    i.OSMutexPend                            0x08000d08   Section        0  os_mutex.o(i.OSMutexPend)
    i.OSMutexPost                            0x08000ee8   Section        0  os_mutex.o(i.OSMutexPost)
    i.OSMutex_RdyAtPrio                      0x08000f9c   Section        0  os_mutex.o(i.OSMutex_RdyAtPrio)
    OSMutex_RdyAtPrio                        0x08000f9d   Thumb Code   104  os_mutex.o(i.OSMutex_RdyAtPrio)
    i.OSSchedLock                            0x08001014   Section        0  os_core.o(i.OSSchedLock)
    i.OSSchedUnlock                          0x08001040   Section        0  os_core.o(i.OSSchedUnlock)
    i.OSSemCreate                            0x0800107c   Section        0  os_sem.o(i.OSSemCreate)
    i.OSSemPend                              0x080010c8   Section        0  os_sem.o(i.OSSemPend)
    i.OSSemPost                              0x08001188   Section        0  os_sem.o(i.OSSemPost)
    i.OSStart                                0x080011e0   Section        0  os_core.o(i.OSStart)
    i.OSStatInit                             0x08001210   Section        0  os_core.o(i.OSStatInit)
    i.OSTCBInitHook                          0x08001244   Section        0  os_cpu_c.o(i.OSTCBInitHook)
    i.OSTaskCreate                           0x08001248   Section        0  os_task.o(i.OSTaskCreate)
    i.OSTaskCreateExt                        0x080012d8   Section        0  os_task.o(i.OSTaskCreateExt)
    i.OSTaskCreateHook                       0x0800138c   Section        0  os_cpu_c.o(i.OSTaskCreateHook)
    i.OSTaskDel                              0x08001390   Section        0  os_task.o(i.OSTaskDel)
    i.OSTaskDelHook                          0x080014e0   Section        0  os_cpu_c.o(i.OSTaskDelHook)
    i.OSTaskIdleHook                         0x080014e2   Section        0  os_cpu_c.o(i.OSTaskIdleHook)
    i.OSTaskNameSet                          0x080014e4   Section        0  os_task.o(i.OSTaskNameSet)
    i.OSTaskResume                           0x08001550   Section        0  os_task.o(i.OSTaskResume)
    i.OSTaskReturnHook                       0x080015f0   Section        0  os_cpu_c.o(i.OSTaskReturnHook)
    i.OSTaskStatHook                         0x080015f2   Section        0  os_cpu_c.o(i.OSTaskStatHook)
    i.OSTaskStkChk                           0x080015f4   Section        0  os_task.o(i.OSTaskStkChk)
    i.OSTaskStkInit                          0x0800167c   Section        0  os_cpu_c.o(i.OSTaskStkInit)
    i.OSTaskSuspend                          0x080016e4   Section        0  os_task.o(i.OSTaskSuspend)
    i.OSTaskSwHook                           0x08001794   Section        0  os_cpu_c.o(i.OSTaskSwHook)
    i.OSTimeDly                              0x08001798   Section        0  os_time.o(i.OSTimeDly)
    i.OSTimeTick                             0x08001804   Section        0  os_core.o(i.OSTimeTick)
    i.OSTimeTickHook                         0x080018b0   Section        0  os_cpu_c.o(i.OSTimeTickHook)
    i.OSTmrSignal                            0x080018cc   Section        0  os_tmr.o(i.OSTmrSignal)
    i.OSTmr_Init                             0x080018d8   Section        0  os_tmr.o(i.OSTmr_Init)
    i.OSTmr_Link                             0x08001a00   Section        0  os_tmr.o(i.OSTmr_Link)
    OSTmr_Link                               0x08001a01   Thumb Code    64  os_tmr.o(i.OSTmr_Link)
    i.OSTmr_Task                             0x08001a48   Section        0  os_tmr.o(i.OSTmr_Task)
    OSTmr_Task                               0x08001a49   Thumb Code   106  os_tmr.o(i.OSTmr_Task)
    i.OSTmr_Unlink                           0x08001ac0   Section        0  os_tmr.o(i.OSTmr_Unlink)
    OSTmr_Unlink                             0x08001ac1   Thumb Code    64  os_tmr.o(i.OSTmr_Unlink)
    i.OS_CPU_SysTickClkFreq                  0x08001b04   Section        0  bsp.o(i.OS_CPU_SysTickClkFreq)
    i.OS_CPU_SysTickInit                     0x08001b08   Section        0  os_cpu_c.o(i.OS_CPU_SysTickInit)
    i.OS_Dummy                               0x08001b40   Section        0  os_core.o(i.OS_Dummy)
    i.OS_EventTaskRdy                        0x08001b44   Section        0  os_core.o(i.OS_EventTaskRdy)
    i.OS_EventTaskRemove                     0x08001bbc   Section        0  os_core.o(i.OS_EventTaskRemove)
    i.OS_EventTaskRemoveMulti                0x08001be0   Section        0  os_core.o(i.OS_EventTaskRemoveMulti)
    i.OS_EventTaskWait                       0x08001c1c   Section        0  os_core.o(i.OS_EventTaskWait)
    i.OS_EventWaitListInit                   0x08001c78   Section        0  os_core.o(i.OS_EventWaitListInit)
    i.OS_FlagInit                            0x08001c8c   Section        0  os_flag.o(i.OS_FlagInit)
    i.OS_FlagUnlink                          0x08001cd8   Section        0  os_flag.o(i.OS_FlagUnlink)
    i.OS_InitEventList                       0x08001cf8   Section        0  os_core.o(i.OS_InitEventList)
    OS_InitEventList                         0x08001cf9   Thumb Code    74  os_core.o(i.OS_InitEventList)
    i.OS_InitTCBList                         0x08001d50   Section        0  os_core.o(i.OS_InitTCBList)
    OS_InitTCBList                           0x08001d51   Thumb Code    94  os_core.o(i.OS_InitTCBList)
    i.OS_MemClr                              0x08001dc0   Section        0  os_core.o(i.OS_MemClr)
    i.OS_MemInit                             0x08001dd4   Section        0  os_mem.o(i.OS_MemInit)
    i.OS_QInit                               0x08001e20   Section        0  os_q.o(i.OS_QInit)
    i.OS_Sched                               0x08001e60   Section        0  os_core.o(i.OS_Sched)
    i.OS_SchedNew                            0x08001ea8   Section        0  os_core.o(i.OS_SchedNew)
    OS_SchedNew                              0x08001ea9   Thumb Code    24  os_core.o(i.OS_SchedNew)
    i.OS_TCBInit                             0x08001ec8   Section        0  os_core.o(i.OS_TCBInit)
    i.OS_TaskIdle                            0x08001fdc   Section        0  os_core.o(i.OS_TaskIdle)
    i.OS_TaskReturn                          0x08001ff8   Section        0  os_task.o(i.OS_TaskReturn)
    i.OS_TaskStat                            0x08002010   Section        0  os_core.o(i.OS_TaskStat)
    i.OS_TaskStatStkChk                      0x08002068   Section        0  os_core.o(i.OS_TaskStatStkChk)
    i.OS_TaskStkClr                          0x080020a0   Section        0  os_task.o(i.OS_TaskStkClr)
    i.RCC_AHB1PeriphClockCmd                 0x080020b8   Section        0  stm32f4xx_rcc.o(i.RCC_AHB1PeriphClockCmd)
    i.RCC_AHB2PeriphClockCmd                 0x080020d0   Section        0  stm32f4xx_rcc.o(i.RCC_AHB2PeriphClockCmd)
    i.RCC_AHB3PeriphClockCmd                 0x080020e8   Section        0  stm32f4xx_rcc.o(i.RCC_AHB3PeriphClockCmd)
    i.RCC_APB2PeriphClockCmd                 0x08002100   Section        0  stm32f4xx_rcc.o(i.RCC_APB2PeriphClockCmd)
    i.RCC_GetClocksFreq                      0x08002118   Section        0  stm32f4xx_rcc.o(i.RCC_GetClocksFreq)
    i.STM324xG_LCD_Init                      0x080021b4   Section        0  stm324xg_eval_lcd.o(i.STM324xG_LCD_Init)
    i.STM_EVAL_LEDInit                       0x08002778   Section        0  stm324xg_eval.o(i.STM_EVAL_LEDInit)
    i.STM_EVAL_LEDInitAll                    0x080027c0   Section        0  stm324xg_eval.o(i.STM_EVAL_LEDInitAll)
    i.STM_EVAL_LEDOff                        0x080027e0   Section        0  stm324xg_eval.o(i.STM_EVAL_LEDOff)
    i.STM_EVAL_LEDOffAll                     0x080027f8   Section        0  stm324xg_eval.o(i.STM_EVAL_LEDOffAll)
    i.STM_EVAL_LEDOn                         0x08002818   Section        0  stm324xg_eval.o(i.STM_EVAL_LEDOn)
    i.STM_EVAL_LEDOnAll                      0x08002830   Section        0  stm324xg_eval.o(i.STM_EVAL_LEDOnAll)
    i.SVC_Handler                            0x0800284e   Section        0  stm32f4xx_it.o(i.SVC_Handler)
    i.SetSysClock                            0x08002850   Section        0  system_stm32f4xx.o(i.SetSysClock)
    SetSysClock                              0x08002851   Thumb Code   140  system_stm32f4xx.o(i.SetSysClock)
    i.SysTick_Handler                        0x080028ec   Section        0  stm32f4xx_it.o(i.SysTick_Handler)
    i.SystemInit                             0x08002914   Section        0  system_stm32f4xx.o(i.SystemInit)
    i.TimeTick_Decrement                     0x08002970   Section        0  delay.o(i.TimeTick_Decrement)
    i.USART1_Config                          0x08002984   Section        0  usart.o(i.USART1_Config)
    i.USART1_IRQHandler                      0x08002a38   Section        0  stm32f4xx_it.o(i.USART1_IRQHandler)
    i.USART1_Printf                          0x08002a78   Section        0  usart.o(i.USART1_Printf)
    i.USART1_SendByte                        0x08002a90   Section        0  usart.o(i.USART1_SendByte)
    i.USART_Cmd                              0x08002ab0   Section        0  stm32f4xx_usart.o(i.USART_Cmd)
    i.USART_GetFlagStatus                    0x08002ac4   Section        0  stm32f4xx_usart.o(i.USART_GetFlagStatus)
    i.USART_GetITStatus                      0x08002ad2   Section        0  stm32f4xx_usart.o(i.USART_GetITStatus)
    i.USART_ITConfig                         0x08002b10   Section        0  stm32f4xx_usart.o(i.USART_ITConfig)
    i.USART_Init                             0x08002b40   Section        0  stm32f4xx_usart.o(i.USART_Init)
    i.USART_ReceiveData                      0x08002bf8   Section        0  stm32f4xx_usart.o(i.USART_ReceiveData)
    i.USART_SendData                         0x08002c00   Section        0  stm32f4xx_usart.o(i.USART_SendData)
    i.UsageFault_Handler                     0x08002c08   Section        0  stm32f4xx_it.o(i.UsageFault_Handler)
    i.delay                                  0x08002c0c   Section        0  stm324xg_eval_lcd.o(i.delay)
    delay                                    0x08002c0d   Thumb Code    14  stm324xg_eval_lcd.o(i.delay)
    i.main                                   0x08002c20   Section        0  main.o(i.main)
    x$fpl$fpinit                             0x08002c44   Section       10  fpinit.o(x$fpl$fpinit)
    $v0                                      0x08002c44   Number         0  fpinit.o(x$fpl$fpinit)
    .constdata                               0x08002c4e   Section     4560  stm324xg_eval_lcd.o(.constdata)
    .constdata                               0x08003e20   Section      128  stm324xg_eval.o(.constdata)
    .constdata                               0x08003ea0   Section      256  os_core.o(.constdata)
    .data                                    0x20000000   Section        4  main.o(.data)
    .data                                    0x20000004   Section        4  delay.o(.data)
    TimingDelay                              0x20000004   Data           4  delay.o(.data)
    .data                                    0x20000008   Section       20  stm324xg_eval_lcd.o(.data)
    LCD_Currentfonts                         0x20000010   Data           4  stm324xg_eval_lcd.o(.data)
    .data                                    0x2000001c   Section       60  stm324xg_eval.o(.data)
    .data                                    0x20000058   Section       16  stm32f4xx_rcc.o(.data)
    APBAHBPrescTable                         0x20000058   Data          16  stm32f4xx_rcc.o(.data)
    .data                                    0x20000068   Section        8  os_cpu_c.o(.data)
    OSTmrCtr                                 0x20000068   Data           2  os_cpu_c.o(.data)
    .data                                    0x20000070   Section       60  os_core.o(.data)
    .data                                    0x200000ac   Section        4  os_core.o(.data)
    .data                                    0x200000b0   Section        4  os_core.o(.data)
    .data                                    0x200000b4   Section        4  os_core.o(.data)
    .data                                    0x200000b8   Section        2  os_core.o(.data)
    .data                                    0x200000ba   Section        2  os_core.o(.data)
    .data                                    0x200000bc   Section        4  os_core.o(.data)
    .data                                    0x200000c0   Section        4  os_core.o(.data)
    .data                                    0x200000c4   Section        4  os_core.o(.data)
    .data                                    0x200000c8   Section        4  os_core.o(.data)
    .bss                                     0x200000cc   Section    10240  main.o(.bss)
    App_TaskStartStk                         0x200000cc   Data        2048  main.o(.bss)
    App_Task1Stk                             0x200008cc   Data        4096  main.o(.bss)
    App_Task_Printf_Stk                      0x200018cc   Data        4096  main.o(.bss)
    .bss                                     0x200028cc   Section      512  os_cpu_c.o(.bss)
    .bss                                     0x20002acc   Section     3456  os_core.o(.bss)
    .bss                                     0x2000384c   Section       80  os_core.o(.bss)
    .bss                                     0x2000389c   Section      120  os_core.o(.bss)
    .bss                                     0x20003914   Section       96  os_core.o(.bss)
    .bss                                     0x20003974   Section      640  os_core.o(.bss)
    .bss                                     0x20003bf4   Section      512  os_core.o(.bss)
    .bss                                     0x20003df4   Section       64  os_core.o(.bss)
    .bss                                     0x20003e34   Section       96  libspace.o(.bss)
    HEAP                                     0x20003e98   Section      512  startup_stm32f4xx.o(HEAP)
    Heap_Mem                                 0x20003e98   Data         512  startup_stm32f4xx.o(HEAP)
    STACK                                    0x20004098   Section     1024  startup_stm32f4xx.o(STACK)
    Stack_Mem                                0x20004098   Data        1024  startup_stm32f4xx.o(STACK)
    __initial_sp                             0x20004498   Data           0  startup_stm32f4xx.o(STACK)

    Global Symbols

    Symbol Name                              Value     Ov Type        Size  Object(Section)

    BuildAttributes$$THM_ISAv4$E$P$D$K$B$S$7EM$VFPi3$EXTD16$VFPS$VFMA$PE$A:L22UL41UL21$X:L11$S22US41US21$IEEE1$IW$USESV6$~STKCKD$USESV7$~SHL$OTIME$ROPI$EBA8$UX$STANDARDLIB$REQ8$PRES8$EABIv2 0x00000000   Number         0  anon$$obj.o ABSOLUTE
    __ARM_use_no_argv                        0x00000000   Number         0  main.o ABSOLUTE
    __ARM_exceptions_init                     - Undefined Weak Reference
    __alloca_initialize                       - Undefined Weak Reference
    __cpp_initialize__aeabi_                  - Undefined Weak Reference
    __cxa_finalize                            - Undefined Weak Reference
    __rt_locale                               - Undefined Weak Reference
    __sigvec_lookup                           - Undefined Weak Reference
    __user_heap_extent                        - Undefined Weak Reference
    _atexit_init                              - Undefined Weak Reference
    _call_atexit_fns                          - Undefined Weak Reference
    _clock_init                               - Undefined Weak Reference
    _fp_trap_init                             - Undefined Weak Reference
    _fp_trap_shutdown                         - Undefined Weak Reference
    _get_lc_collate                           - Undefined Weak Reference
    _get_lc_ctype                             - Undefined Weak Reference
    _get_lc_monetary                          - Undefined Weak Reference
    _get_lc_numeric                           - Undefined Weak Reference
    _get_lc_time                              - Undefined Weak Reference
    _getenv_init                              - Undefined Weak Reference
    _handle_redirection                       - Undefined Weak Reference
    _mutex_acquire                            - Undefined Weak Reference
    _mutex_free                               - Undefined Weak Reference
    _mutex_release                            - Undefined Weak Reference
    _rand_init                                - Undefined Weak Reference
    _signal_finish                            - Undefined Weak Reference
    _signal_init                              - Undefined Weak Reference
    __Vectors_Size                           0x00000188   Number         0  startup_stm32f4xx.o ABSOLUTE
    __Vectors                                0x08000000   Data           4  startup_stm32f4xx.o(RESET)
    __Vectors_End                            0x08000188   Data           0  startup_stm32f4xx.o(RESET)
    __main                                   0x08000189   Thumb Code     8  __main.o(!!!main)
    __scatterload                            0x08000191   Thumb Code     0  __scatter.o(!!!scatter)
    __scatterload_rt2                        0x08000191   Thumb Code    44  __scatter.o(!!!scatter)
    __scatterload_rt2_thumb_only             0x08000191   Thumb Code     0  __scatter.o(!!!scatter)
    __scatterload_null                       0x0800019f   Thumb Code     0  __scatter.o(!!!scatter)
    __scatterload_copy                       0x080001c5   Thumb Code    26  __scatter_copy.o(!!handler_copy)
    __scatterload_zeroinit                   0x080001e1   Thumb Code    28  __scatter_zi.o(!!handler_zi)
    __rt_lib_init                            0x080001fd   Thumb Code     0  libinit.o(.ARM.Collect$$libinit$$00000000)
    __rt_lib_init_alloca_1                   0x08000203   Thumb Code     0  libinit2.o(.ARM.Collect$$libinit$$0000002A)
    __rt_lib_init_argv_1                     0x08000203   Thumb Code     0  libinit2.o(.ARM.Collect$$libinit$$00000028)
    __rt_lib_init_atexit_1                   0x08000203   Thumb Code     0  libinit2.o(.ARM.Collect$$libinit$$00000017)
    __rt_lib_init_clock_1                    0x08000203   Thumb Code     0  libinit2.o(.ARM.Collect$$libinit$$0000001D)
    __rt_lib_init_cpp_1                      0x08000203   Thumb Code     0  libinit2.o(.ARM.Collect$$libinit$$0000002E)
    __rt_lib_init_exceptions_1               0x08000203   Thumb Code     0  libinit2.o(.ARM.Collect$$libinit$$0000002C)
    __rt_lib_init_fp_trap_1                  0x08000203   Thumb Code     0  libinit2.o(.ARM.Collect$$libinit$$0000001B)
    __rt_lib_init_getenv_1                   0x08000203   Thumb Code     0  libinit2.o(.ARM.Collect$$libinit$$0000001F)
    __rt_lib_init_heap_1                     0x08000203   Thumb Code     0  libinit2.o(.ARM.Collect$$libinit$$00000006)
    __rt_lib_init_lc_collate_1               0x08000203   Thumb Code     0  libinit2.o(.ARM.Collect$$libinit$$0000000D)
    __rt_lib_init_lc_ctype_1                 0x08000203   Thumb Code     0  libinit2.o(.ARM.Collect$$libinit$$0000000F)
    __rt_lib_init_lc_monetary_1              0x08000203   Thumb Code     0  libinit2.o(.ARM.Collect$$libinit$$00000011)
    __rt_lib_init_lc_numeric_1               0x08000203   Thumb Code     0  libinit2.o(.ARM.Collect$$libinit$$00000013)
    __rt_lib_init_lc_time_1                  0x08000203   Thumb Code     0  libinit2.o(.ARM.Collect$$libinit$$00000015)
    __rt_lib_init_rand_1                     0x08000203   Thumb Code     0  libinit2.o(.ARM.Collect$$libinit$$0000000A)
    __rt_lib_init_return                     0x08000203   Thumb Code     0  libinit2.o(.ARM.Collect$$libinit$$0000002F)
    __rt_lib_init_signal_1                   0x08000203   Thumb Code     0  libinit2.o(.ARM.Collect$$libinit$$00000019)
    __rt_lib_init_stdio_1                    0x08000203   Thumb Code     0  libinit2.o(.ARM.Collect$$libinit$$00000021)
    __rt_lib_init_user_alloc_1               0x08000203   Thumb Code     0  libinit2.o(.ARM.Collect$$libinit$$00000008)
    __rt_lib_shutdown                        0x08000205   Thumb Code     0  libshutdown.o(.ARM.Collect$$libshutdown$$00000000)
    __rt_lib_shutdown_fp_trap_1              0x08000207   Thumb Code     0  libshutdown2.o(.ARM.Collect$$libshutdown$$00000006)
    __rt_lib_shutdown_heap_1                 0x08000207   Thumb Code     0  libshutdown2.o(.ARM.Collect$$libshutdown$$0000000E)
    __rt_lib_shutdown_return                 0x08000207   Thumb Code     0  libshutdown2.o(.ARM.Collect$$libshutdown$$0000000F)
    __rt_lib_shutdown_signal_1               0x08000207   Thumb Code     0  libshutdown2.o(.ARM.Collect$$libshutdown$$00000009)
    __rt_lib_shutdown_stdio_1                0x08000207   Thumb Code     0  libshutdown2.o(.ARM.Collect$$libshutdown$$00000003)
    __rt_lib_shutdown_user_alloc_1           0x08000207   Thumb Code     0  libshutdown2.o(.ARM.Collect$$libshutdown$$0000000B)
    __rt_entry                               0x08000209   Thumb Code     0  rtentry.o(.ARM.Collect$$rtentry$$00000000)
    __rt_entry_presh_1                       0x08000209   Thumb Code     0  rtentry2.o(.ARM.Collect$$rtentry$$00000002)
    __rt_entry_sh                            0x08000209   Thumb Code     0  rtentry4.o(.ARM.Collect$$rtentry$$00000004)
    __rt_entry_li                            0x0800020f   Thumb Code     0  rtentry2.o(.ARM.Collect$$rtentry$$0000000A)
    __rt_entry_postsh_1                      0x0800020f   Thumb Code     0  rtentry2.o(.ARM.Collect$$rtentry$$00000009)
    __rt_entry_main                          0x08000213   Thumb Code     0  rtentry2.o(.ARM.Collect$$rtentry$$0000000D)
    __rt_entry_postli_1                      0x08000213   Thumb Code     0  rtentry2.o(.ARM.Collect$$rtentry$$0000000C)
    __rt_exit                                0x0800021b   Thumb Code     0  rtexit.o(.ARM.Collect$$rtexit$$00000000)
    __rt_exit_ls                             0x0800021d   Thumb Code     0  rtexit2.o(.ARM.Collect$$rtexit$$00000003)
    __rt_exit_prels_1                        0x0800021d   Thumb Code     0  rtexit2.o(.ARM.Collect$$rtexit$$00000002)
    __rt_exit_exit                           0x08000221   Thumb Code     0  rtexit2.o(.ARM.Collect$$rtexit$$00000004)
    Reset_Handler                            0x08000229   Thumb Code     8  startup_stm32f4xx.o(.text)
    ADC_IRQHandler                           0x08000243   Thumb Code     0  startup_stm32f4xx.o(.text)
    CAN1_RX0_IRQHandler                      0x08000243   Thumb Code     0  startup_stm32f4xx.o(.text)
    CAN1_RX1_IRQHandler                      0x08000243   Thumb Code     0  startup_stm32f4xx.o(.text)
    CAN1_SCE_IRQHandler                      0x08000243   Thumb Code     0  startup_stm32f4xx.o(.text)
    CAN1_TX_IRQHandler                       0x08000243   Thumb Code     0  startup_stm32f4xx.o(.text)
    CAN2_RX0_IRQHandler                      0x08000243   Thumb Code     0  startup_stm32f4xx.o(.text)
    CAN2_RX1_IRQHandler                      0x08000243   Thumb Code     0  startup_stm32f4xx.o(.text)
    CAN2_SCE_IRQHandler                      0x08000243   Thumb Code     0  startup_stm32f4xx.o(.text)
    CAN2_TX_IRQHandler                       0x08000243   Thumb Code     0  startup_stm32f4xx.o(.text)
    CRYP_IRQHandler                          0x08000243   Thumb Code     0  startup_stm32f4xx.o(.text)
    DCMI_IRQHandler                          0x08000243   Thumb Code     0  startup_stm32f4xx.o(.text)
    DMA1_Stream0_IRQHandler                  0x08000243   Thumb Code     0  startup_stm32f4xx.o(.text)
    DMA1_Stream1_IRQHandler                  0x08000243   Thumb Code     0  startup_stm32f4xx.o(.text)
    DMA1_Stream2_IRQHandler                  0x08000243   Thumb Code     0  startup_stm32f4xx.o(.text)
    DMA1_Stream3_IRQHandler                  0x08000243   Thumb Code     0  startup_stm32f4xx.o(.text)
    DMA1_Stream4_IRQHandler                  0x08000243   Thumb Code     0  startup_stm32f4xx.o(.text)
    DMA1_Stream5_IRQHandler                  0x08000243   Thumb Code     0  startup_stm32f4xx.o(.text)
    DMA1_Stream6_IRQHandler                  0x08000243   Thumb Code     0  startup_stm32f4xx.o(.text)
    DMA1_Stream7_IRQHandler                  0x08000243   Thumb Code     0  startup_stm32f4xx.o(.text)
    DMA2_Stream0_IRQHandler                  0x08000243   Thumb Code     0  startup_stm32f4xx.o(.text)
    DMA2_Stream1_IRQHandler                  0x08000243   Thumb Code     0  startup_stm32f4xx.o(.text)
    DMA2_Stream2_IRQHandler                  0x08000243   Thumb Code     0  startup_stm32f4xx.o(.text)
    DMA2_Stream3_IRQHandler                  0x08000243   Thumb Code     0  startup_stm32f4xx.o(.text)
    DMA2_Stream4_IRQHandler                  0x08000243   Thumb Code     0  startup_stm32f4xx.o(.text)
    DMA2_Stream5_IRQHandler                  0x08000243   Thumb Code     0  startup_stm32f4xx.o(.text)
    DMA2_Stream6_IRQHandler                  0x08000243   Thumb Code     0  startup_stm32f4xx.o(.text)
    DMA2_Stream7_IRQHandler                  0x08000243   Thumb Code     0  startup_stm32f4xx.o(.text)
    ETH_IRQHandler                           0x08000243   Thumb Code     0  startup_stm32f4xx.o(.text)
    ETH_WKUP_IRQHandler                      0x08000243   Thumb Code     0  startup_stm32f4xx.o(.text)
    EXTI0_IRQHandler                         0x08000243   Thumb Code     0  startup_stm32f4xx.o(.text)
    EXTI15_10_IRQHandler                     0x08000243   Thumb Code     0  startup_stm32f4xx.o(.text)
    EXTI1_IRQHandler                         0x08000243   Thumb Code     0  startup_stm32f4xx.o(.text)
    EXTI2_IRQHandler                         0x08000243   Thumb Code     0  startup_stm32f4xx.o(.text)
    EXTI3_IRQHandler                         0x08000243   Thumb Code     0  startup_stm32f4xx.o(.text)
    EXTI4_IRQHandler                         0x08000243   Thumb Code     0  startup_stm32f4xx.o(.text)
    EXTI9_5_IRQHandler                       0x08000243   Thumb Code     0  startup_stm32f4xx.o(.text)
    FLASH_IRQHandler                         0x08000243   Thumb Code     0  startup_stm32f4xx.o(.text)
    FPU_IRQHandler                           0x08000243   Thumb Code     0  startup_stm32f4xx.o(.text)
    FSMC_IRQHandler                          0x08000243   Thumb Code     0  startup_stm32f4xx.o(.text)
    HASH_RNG_IRQHandler                      0x08000243   Thumb Code     0  startup_stm32f4xx.o(.text)
    I2C1_ER_IRQHandler                       0x08000243   Thumb Code     0  startup_stm32f4xx.o(.text)
    I2C1_EV_IRQHandler                       0x08000243   Thumb Code     0  startup_stm32f4xx.o(.text)
    I2C2_ER_IRQHandler                       0x08000243   Thumb Code     0  startup_stm32f4xx.o(.text)
    I2C2_EV_IRQHandler                       0x08000243   Thumb Code     0  startup_stm32f4xx.o(.text)
    I2C3_ER_IRQHandler                       0x08000243   Thumb Code     0  startup_stm32f4xx.o(.text)
    I2C3_EV_IRQHandler                       0x08000243   Thumb Code     0  startup_stm32f4xx.o(.text)
    OTG_FS_IRQHandler                        0x08000243   Thumb Code     0  startup_stm32f4xx.o(.text)
    OTG_FS_WKUP_IRQHandler                   0x08000243   Thumb Code     0  startup_stm32f4xx.o(.text)
    OTG_HS_EP1_IN_IRQHandler                 0x08000243   Thumb Code     0  startup_stm32f4xx.o(.text)
    OTG_HS_EP1_OUT_IRQHandler                0x08000243   Thumb Code     0  startup_stm32f4xx.o(.text)
    OTG_HS_IRQHandler                        0x08000243   Thumb Code     0  startup_stm32f4xx.o(.text)
    OTG_HS_WKUP_IRQHandler                   0x08000243   Thumb Code     0  startup_stm32f4xx.o(.text)
    PVD_IRQHandler                           0x08000243   Thumb Code     0  startup_stm32f4xx.o(.text)
    RCC_IRQHandler                           0x08000243   Thumb Code     0  startup_stm32f4xx.o(.text)
    RTC_Alarm_IRQHandler                     0x08000243   Thumb Code     0  startup_stm32f4xx.o(.text)
    RTC_WKUP_IRQHandler                      0x08000243   Thumb Code     0  startup_stm32f4xx.o(.text)
    SDIO_IRQHandler                          0x08000243   Thumb Code     0  startup_stm32f4xx.o(.text)
    SPI1_IRQHandler                          0x08000243   Thumb Code     0  startup_stm32f4xx.o(.text)
    SPI2_IRQHandler                          0x08000243   Thumb Code     0  startup_stm32f4xx.o(.text)
    SPI3_IRQHandler                          0x08000243   Thumb Code     0  startup_stm32f4xx.o(.text)
    TAMP_STAMP_IRQHandler                    0x08000243   Thumb Code     0  startup_stm32f4xx.o(.text)
    TIM1_BRK_TIM9_IRQHandler                 0x08000243   Thumb Code     0  startup_stm32f4xx.o(.text)
    TIM1_CC_IRQHandler                       0x08000243   Thumb Code     0  startup_stm32f4xx.o(.text)
    TIM1_TRG_COM_TIM11_IRQHandler            0x08000243   Thumb Code     0  startup_stm32f4xx.o(.text)
    TIM1_UP_TIM10_IRQHandler                 0x08000243   Thumb Code     0  startup_stm32f4xx.o(.text)
    TIM2_IRQHandler                          0x08000243   Thumb Code     0  startup_stm32f4xx.o(.text)
    TIM3_IRQHandler                          0x08000243   Thumb Code     0  startup_stm32f4xx.o(.text)
    TIM4_IRQHandler                          0x08000243   Thumb Code     0  startup_stm32f4xx.o(.text)
    TIM5_IRQHandler                          0x08000243   Thumb Code     0  startup_stm32f4xx.o(.text)
    TIM6_DAC_IRQHandler                      0x08000243   Thumb Code     0  startup_stm32f4xx.o(.text)
    TIM7_IRQHandler                          0x08000243   Thumb Code     0  startup_stm32f4xx.o(.text)
    TIM8_BRK_TIM12_IRQHandler                0x08000243   Thumb Code     0  startup_stm32f4xx.o(.text)
    TIM8_CC_IRQHandler                       0x08000243   Thumb Code     0  startup_stm32f4xx.o(.text)
    TIM8_TRG_COM_TIM14_IRQHandler            0x08000243   Thumb Code     0  startup_stm32f4xx.o(.text)
    TIM8_UP_TIM13_IRQHandler                 0x08000243   Thumb Code     0  startup_stm32f4xx.o(.text)
    UART4_IRQHandler                         0x08000243   Thumb Code     0  startup_stm32f4xx.o(.text)
    UART5_IRQHandler                         0x08000243   Thumb Code     0  startup_stm32f4xx.o(.text)
    USART2_IRQHandler                        0x08000243   Thumb Code     0  startup_stm32f4xx.o(.text)
    USART3_IRQHandler                        0x08000243   Thumb Code     0  startup_stm32f4xx.o(.text)
    USART6_IRQHandler                        0x08000243   Thumb Code     0  startup_stm32f4xx.o(.text)
    WWDG_IRQHandler                          0x08000243   Thumb Code     0  startup_stm32f4xx.o(.text)
    __user_initial_stackheap                 0x08000245   Thumb Code     0  startup_stm32f4xx.o(.text)
    OS_CPU_SR_Save                           0x08000269   Thumb Code     0  os_cpu_a.o(.text)
    OS_CPU_SR_Restore                        0x08000271   Thumb Code     0  os_cpu_a.o(.text)
    OSStartHighRdy                           0x08000277   Thumb Code     0  os_cpu_a.o(.text)
    OSCtxSw                                  0x08000297   Thumb Code     0  os_cpu_a.o(.text)
    OSIntCtxSw                               0x080002a1   Thumb Code     0  os_cpu_a.o(.text)
    PendSV_Handler                           0x080002ab   Thumb Code     0  os_cpu_a.o(.text)
    __use_two_region_memory                  0x0800030d   Thumb Code     2  heapauxi.o(.text)
    __rt_heap_escrow                         0x0800030f   Thumb Code     2  heapauxi.o(.text)
    __rt_heap_expand                         0x08000311   Thumb Code     2  heapauxi.o(.text)
    __user_setup_stackheap                   0x08000313   Thumb Code    74  sys_stackheap_outer.o(.text)
    exit                                     0x0800035d   Thumb Code    12  exit.o(.text)
    __user_libspace                          0x08000369   Thumb Code     8  libspace.o(.text)
    __user_perproc_libspace                  0x08000369   Thumb Code     0  libspace.o(.text)
    __user_perthread_libspace                0x08000369   Thumb Code     0  libspace.o(.text)
    __I$use$semihosting                      0x08000371   Thumb Code     0  use_no_semi.o(.text)
    __use_no_semihosting_swi                 0x08000371   Thumb Code     2  use_no_semi.o(.text)
    __semihosting_library_function           0x08000373   Thumb Code     0  indicate_semi.o(.text)
    _sys_exit                                0x08000375   Thumb Code     8  sys_exit.o(.text)
    BSP_CPU_ClkFreq                          0x080004c9   Thumb Code    14  bsp.o(i.BSP_CPU_ClkFreq)
    BSP_Init                                 0x080004d7   Thumb Code    14  bsp.o(i.BSP_Init)
    BusFault_Handler                         0x080004e5   Thumb Code     2  stm32f4xx_it.o(i.BusFault_Handler)
    DebugMon_Handler                         0x080004e7   Thumb Code     2  stm32f4xx_it.o(i.DebugMon_Handler)
    EXTI_Config                              0x080004e9   Thumb Code    36  bsp.o(i.EXTI_Config)
    FSMC_NORSRAMCmd                          0x0800050d   Thumb Code    28  stm32f4xx_fsmc.o(i.FSMC_NORSRAMCmd)
    FSMC_NORSRAMInit                         0x0800052d   Thumb Code   192  stm32f4xx_fsmc.o(i.FSMC_NORSRAMInit)
    GPIO_Configuration                       0x080005ed   Thumb Code    18  bsp.o(i.GPIO_Configuration)
    GPIO_Init                                0x08000601   Thumb Code   124  stm32f4xx_gpio.o(i.GPIO_Init)
    GPIO_PinAFConfig                         0x0800067d   Thumb Code    32  stm32f4xx_gpio.o(i.GPIO_PinAFConfig)
    GPIO_SetBits                             0x0800069d   Thumb Code     4  stm32f4xx_gpio.o(i.GPIO_SetBits)
    HardFault_Handler                        0x080006a1   Thumb Code     2  stm32f4xx_it.o(i.HardFault_Handler)
    LCD_Clear                                0x080006a3   Thumb Code    38  stm324xg_eval_lcd.o(i.LCD_Clear)
    LCD_CtrlLinesConfig                      0x080006c9   Thumb Code   342  stm324xg_eval_lcd.o(i.LCD_CtrlLinesConfig)
    LCD_DisplayChar                          0x08000835   Thumb Code    26  stm324xg_eval_lcd.o(i.LCD_DisplayChar)
    LCD_DisplayStringLine                    0x08000855   Thumb Code    50  stm324xg_eval_lcd.o(i.LCD_DisplayStringLine)
    LCD_DrawChar                             0x0800088d   Thumb Code   156  stm324xg_eval_lcd.o(i.LCD_DrawChar)
    LCD_FSMCConfig                           0x0800092d   Thumb Code   110  stm324xg_eval_lcd.o(i.LCD_FSMCConfig)
    LCD_GetFont                              0x0800099d   Thumb Code     6  stm324xg_eval_lcd.o(i.LCD_GetFont)
    LCD_ReadReg                              0x080009a9   Thumb Code    10  stm324xg_eval_lcd.o(i.LCD_ReadReg)
    LCD_SetBackColor                         0x080009b5   Thumb Code     6  stm324xg_eval_lcd.o(i.LCD_SetBackColor)
    LCD_SetColors                            0x080009c1   Thumb Code     8  stm324xg_eval_lcd.o(i.LCD_SetColors)
    LCD_SetCursor                            0x080009cd   Thumb Code    82  stm324xg_eval_lcd.o(i.LCD_SetCursor)
    LCD_SetTextColor                         0x08000a25   Thumb Code     6  stm324xg_eval_lcd.o(i.LCD_SetTextColor)
    LCD_WriteReg                             0x08000a31   Thumb Code    10  stm324xg_eval_lcd.o(i.LCD_WriteReg)
    MemManage_Handler                        0x08000a3b   Thumb Code     2  stm32f4xx_it.o(i.MemManage_Handler)
    NMI_Handler                              0x08000a3d   Thumb Code     2  stm32f4xx_it.o(i.NMI_Handler)
    NVIC_Init                                0x08000a41   Thumb Code    92  misc.o(i.NVIC_Init)
    NVIC_PriorityGroupConfig                 0x08000aa5   Thumb Code    10  misc.o(i.NVIC_PriorityGroupConfig)
    OSEventNameSet                           0x08000ab9   Thumb Code    70  os_core.o(i.OSEventNameSet)
    OSInit                                   0x08000b05   Thumb Code   174  os_core.o(i.OSInit)
    OSInitHookBegin                          0x08000bed   Thumb Code    22  os_cpu_c.o(i.OSInitHookBegin)
    OSInitHookEnd                            0x08000c11   Thumb Code     2  os_cpu_c.o(i.OSInitHookEnd)
    OSIntExit                                0x08000c15   Thumb Code    82  os_core.o(i.OSIntExit)
    OSMutexCreate                            0x08000c71   Thumb Code   134  os_mutex.o(i.OSMutexCreate)
    OSMutexPend                              0x08000d09   Thumb Code   456  os_mutex.o(i.OSMutexPend)
    OSMutexPost                              0x08000ee9   Thumb Code   168  os_mutex.o(i.OSMutexPost)
    OSSchedLock                              0x08001015   Thumb Code    38  os_core.o(i.OSSchedLock)
    OSSchedUnlock                            0x08001041   Thumb Code    54  os_core.o(i.OSSchedUnlock)
    OSSemCreate                              0x0800107d   Thumb Code    62  os_sem.o(i.OSSemCreate)
    OSSemPend                                0x080010c9   Thumb Code   180  os_sem.o(i.OSSemPend)
    OSSemPost                                0x08001189   Thumb Code    88  os_sem.o(i.OSSemPost)
    OSStart                                  0x080011e1   Thumb Code    38  os_core.o(i.OSStart)
    OSStatInit                               0x08001211   Thumb Code    48  os_core.o(i.OSStatInit)
    OSTCBInitHook                            0x08001245   Thumb Code     2  os_cpu_c.o(i.OSTCBInitHook)
    OSTaskCreate                             0x08001249   Thumb Code   132  os_task.o(i.OSTaskCreate)
    OSTaskCreateExt                          0x080012d9   Thumb Code   166  os_task.o(i.OSTaskCreateExt)
    OSTaskCreateHook                         0x0800138d   Thumb Code     2  os_cpu_c.o(i.OSTaskCreateHook)
    OSTaskDel                                0x08001391   Thumb Code   292  os_task.o(i.OSTaskDel)
    OSTaskDelHook                            0x080014e1   Thumb Code     2  os_cpu_c.o(i.OSTaskDelHook)
    OSTaskIdleHook                           0x080014e3   Thumb Code     2  os_cpu_c.o(i.OSTaskIdleHook)
    OSTaskNameSet                            0x080014e5   Thumb Code    94  os_task.o(i.OSTaskNameSet)
    OSTaskResume                             0x08001551   Thumb Code   144  os_task.o(i.OSTaskResume)
    OSTaskReturnHook                         0x080015f1   Thumb Code     2  os_cpu_c.o(i.OSTaskReturnHook)
    OSTaskStatHook                           0x080015f3   Thumb Code     2  os_cpu_c.o(i.OSTaskStatHook)
    OSTaskStkChk                             0x080015f5   Thumb Code   128  os_task.o(i.OSTaskStkChk)
    OSTaskStkInit                            0x0800167d   Thumb Code    98  os_cpu_c.o(i.OSTaskStkInit)
    OSTaskSuspend                            0x080016e5   Thumb Code   158  os_task.o(i.OSTaskSuspend)
    OSTaskSwHook                             0x08001795   Thumb Code     2  os_cpu_c.o(i.OSTaskSwHook)
    OSTimeDly                                0x08001799   Thumb Code    88  os_time.o(i.OSTimeDly)
    OSTimeTick                               0x08001805   Thumb Code   166  os_core.o(i.OSTimeTick)
    OSTimeTickHook                           0x080018b1   Thumb Code    24  os_cpu_c.o(i.OSTimeTickHook)
    OSTmrSignal                              0x080018cd   Thumb Code     8  os_tmr.o(i.OSTmrSignal)
    OSTmr_Init                               0x080018d9   Thumb Code   196  os_tmr.o(i.OSTmr_Init)
    OS_CPU_SysTickClkFreq                    0x08001b05   Thumb Code     4  bsp.o(i.OS_CPU_SysTickClkFreq)
    OS_CPU_SysTickInit                       0x08001b09   Thumb Code    52  os_cpu_c.o(i.OS_CPU_SysTickInit)
    OS_Dummy                                 0x08001b41   Thumb Code     2  os_core.o(i.OS_Dummy)
    OS_EventTaskRdy                          0x08001b45   Thumb Code   108  os_core.o(i.OS_EventTaskRdy)
    OS_EventTaskRemove                       0x08001bbd   Thumb Code    36  os_core.o(i.OS_EventTaskRemove)
    OS_EventTaskRemoveMulti                  0x08001be1   Thumb Code    60  os_core.o(i.OS_EventTaskRemoveMulti)
    OS_EventTaskWait                         0x08001c1d   Thumb Code    86  os_core.o(i.OS_EventTaskWait)
    OS_EventWaitListInit                     0x08001c79   Thumb Code    20  os_core.o(i.OS_EventWaitListInit)
    OS_FlagInit                              0x08001c8d   Thumb Code    62  os_flag.o(i.OS_FlagInit)
    OS_FlagUnlink                            0x08001cd9   Thumb Code    32  os_flag.o(i.OS_FlagUnlink)
    OS_MemClr                                0x08001dc1   Thumb Code    18  os_core.o(i.OS_MemClr)
    OS_MemInit                               0x08001dd5   Thumb Code    64  os_mem.o(i.OS_MemInit)
    OS_QInit                                 0x08001e21   Thumb Code    56  os_q.o(i.OS_QInit)
    OS_Sched                                 0x08001e61   Thumb Code    64  os_core.o(i.OS_Sched)
    OS_TCBInit                               0x08001ec9   Thumb Code   262  os_core.o(i.OS_TCBInit)
    OS_TaskIdle                              0x08001fdd   Thumb Code    24  os_core.o(i.OS_TaskIdle)
    OS_TaskReturn                            0x08001ff9   Thumb Code    20  os_task.o(i.OS_TaskReturn)
    OS_TaskStat                              0x08002011   Thumb Code    82  os_core.o(i.OS_TaskStat)
    OS_TaskStatStkChk                        0x08002069   Thumb Code    50  os_core.o(i.OS_TaskStatStkChk)
    OS_TaskStkClr                            0x080020a1   Thumb Code    22  os_task.o(i.OS_TaskStkClr)
    RCC_AHB1PeriphClockCmd                   0x080020b9   Thumb Code    18  stm32f4xx_rcc.o(i.RCC_AHB1PeriphClockCmd)
    RCC_AHB2PeriphClockCmd                   0x080020d1   Thumb Code    18  stm32f4xx_rcc.o(i.RCC_AHB2PeriphClockCmd)
    RCC_AHB3PeriphClockCmd                   0x080020e9   Thumb Code    18  stm32f4xx_rcc.o(i.RCC_AHB3PeriphClockCmd)
    RCC_APB2PeriphClockCmd                   0x08002101   Thumb Code    18  stm32f4xx_rcc.o(i.RCC_APB2PeriphClockCmd)
    RCC_GetClocksFreq                        0x08002119   Thumb Code   138  stm32f4xx_rcc.o(i.RCC_GetClocksFreq)
    STM324xG_LCD_Init                        0x080021b5   Thumb Code  1472  stm324xg_eval_lcd.o(i.STM324xG_LCD_Init)
    STM_EVAL_LEDInit                         0x08002779   Thumb Code    62  stm324xg_eval.o(i.STM_EVAL_LEDInit)
    STM_EVAL_LEDInitAll                      0x080027c1   Thumb Code    30  stm324xg_eval.o(i.STM_EVAL_LEDInitAll)
    STM_EVAL_LEDOff                          0x080027e1   Thumb Code    16  stm324xg_eval.o(i.STM_EVAL_LEDOff)
    STM_EVAL_LEDOffAll                       0x080027f9   Thumb Code    30  stm324xg_eval.o(i.STM_EVAL_LEDOffAll)
    STM_EVAL_LEDOn                           0x08002819   Thumb Code    16  stm324xg_eval.o(i.STM_EVAL_LEDOn)
    STM_EVAL_LEDOnAll                        0x08002831   Thumb Code    30  stm324xg_eval.o(i.STM_EVAL_LEDOnAll)
    SVC_Handler                              0x0800284f   Thumb Code     2  stm32f4xx_it.o(i.SVC_Handler)
    SysTick_Handler                          0x080028ed   Thumb Code    34  stm32f4xx_it.o(i.SysTick_Handler)
    SystemInit                               0x08002915   Thumb Code    74  system_stm32f4xx.o(i.SystemInit)
    TimeTick_Decrement                       0x08002971   Thumb Code    16  delay.o(i.TimeTick_Decrement)
    USART1_Config                            0x08002985   Thumb Code   170  usart.o(i.USART1_Config)
    USART1_IRQHandler                        0x08002a39   Thumb Code    56  stm32f4xx_it.o(i.USART1_IRQHandler)
    USART1_Printf                            0x08002a79   Thumb Code    22  usart.o(i.USART1_Printf)
    USART1_SendByte                          0x08002a91   Thumb Code    26  usart.o(i.USART1_SendByte)
    USART_Cmd                                0x08002ab1   Thumb Code    20  stm32f4xx_usart.o(i.USART_Cmd)
    USART_GetFlagStatus                      0x08002ac5   Thumb Code    14  stm32f4xx_usart.o(i.USART_GetFlagStatus)
    USART_GetITStatus                        0x08002ad3   Thumb Code    62  stm32f4xx_usart.o(i.USART_GetITStatus)
    USART_ITConfig                           0x08002b11   Thumb Code    48  stm32f4xx_usart.o(i.USART_ITConfig)
    USART_Init                               0x08002b41   Thumb Code   174  stm32f4xx_usart.o(i.USART_Init)
    USART_ReceiveData                        0x08002bf9   Thumb Code     8  stm32f4xx_usart.o(i.USART_ReceiveData)
    USART_SendData                           0x08002c01   Thumb Code     8  stm32f4xx_usart.o(i.USART_SendData)
    UsageFault_Handler                       0x08002c09   Thumb Code     2  stm32f4xx_it.o(i.UsageFault_Handler)
    main                                     0x08002c21   Thumb Code    26  main.o(i.main)
    _fp_init                                 0x08002c45   Thumb Code    10  fpinit.o(x$fpl$fpinit)
    __fplib_config_fpu_vfp                   0x08002c4d   Thumb Code     0  fpinit.o(x$fpl$fpinit)
    __fplib_config_pureend_doubles           0x08002c4d   Thumb Code     0  fpinit.o(x$fpl$fpinit)
    ASCII16x24_Table                         0x08002c4e   Data        4560  stm324xg_eval_lcd.o(.constdata)
    COM_TX_PIN                               0x08003e20   Data           4  stm324xg_eval.o(.constdata)
    COM_RX_PIN                               0x08003e24   Data           4  stm324xg_eval.o(.constdata)
    COM_TX_PIN_SOURCE                        0x08003e28   Data           4  stm324xg_eval.o(.constdata)
    COM_RX_PIN_SOURCE                        0x08003e2c   Data           4  stm324xg_eval.o(.constdata)
    COM_TX_AF                                0x08003e30   Data           4  stm324xg_eval.o(.constdata)
    COM_RX_AF                                0x08003e34   Data           4  stm324xg_eval.o(.constdata)
    GPIO_PIN                                 0x08003e38   Data           8  stm324xg_eval.o(.constdata)
    BUTTON_PIN                               0x08003e40   Data           8  stm324xg_eval.o(.constdata)
    BUTTON_EXTI_LINE                         0x08003e48   Data           8  stm324xg_eval.o(.constdata)
    BUTTON_PORT_SOURCE                       0x08003e50   Data           8  stm324xg_eval.o(.constdata)
    BUTTON_PIN_SOURCE                        0x08003e58   Data           8  stm324xg_eval.o(.constdata)
    BUTTON_IRQn                              0x08003e60   Data           8  stm324xg_eval.o(.constdata)
    COM_USART_CLK                            0x08003e68   Data           8  stm324xg_eval.o(.constdata)
    COM_TX_PORT_CLK                          0x08003e70   Data           8  stm324xg_eval.o(.constdata)
    COM_RX_PORT_CLK                          0x08003e78   Data           8  stm324xg_eval.o(.constdata)
    GPIO_CLK                                 0x08003e80   Data          16  stm324xg_eval.o(.constdata)
    BUTTON_CLK                               0x08003e90   Data          16  stm324xg_eval.o(.constdata)
    OSUnMapTbl                               0x08003ea0   Data         256  os_core.o(.constdata)
    Region$$Table$$Base                      0x08003fa0   Number         0  anon$$obj.o(Region$$Table)
    Region$$Table$$Limit                     0x08003fc0   Number         0  anon$$obj.o(Region$$Table)
    Mutex_USART1                             0x20000000   Data           4  main.o(.data)
    TextColor                                0x20000008   Data           2  stm324xg_eval_lcd.o(.data)
    BackColor                                0x2000000a   Data           2  stm324xg_eval_lcd.o(.data)
    DeviceCode                               0x2000000c   Data           2  stm324xg_eval_lcd.o(.data)
    Font16x24                                0x20000014   Data           8  stm324xg_eval_lcd.o(.data)
    NVIC_InitStructure                       0x2000001c   Data           4  stm324xg_eval.o(.data)
    COM_USART                                0x20000020   Data           8  stm324xg_eval.o(.data)
    COM_TX_PORT                              0x20000028   Data           8  stm324xg_eval.o(.data)
    COM_RX_PORT                              0x20000030   Data           8  stm324xg_eval.o(.data)
    GPIO_PORT                                0x20000038   Data          16  stm324xg_eval.o(.data)
    BUTTON_PORT                              0x20000048   Data          16  stm324xg_eval.o(.data)
    OS_CPU_ExceptStkBase                     0x2000006c   Data           4  os_cpu_c.o(.data)
    OSCPUUsage                               0x20000070   Data           1  os_core.o(.data)
    OSStatRdy                                0x20000071   Data           1  os_core.o(.data)
    OSIntNesting                             0x20000072   Data           1  os_core.o(.data)
    OSLockNesting                            0x20000073   Data           1  os_core.o(.data)
    OSPrioCur                                0x20000074   Data           1  os_core.o(.data)
    OSPrioHighRdy                            0x20000075   Data           1  os_core.o(.data)
    OSRdyGrp                                 0x20000076   Data           1  os_core.o(.data)
    OSRunning                                0x20000077   Data           1  os_core.o(.data)
    OSTaskCtr                                0x20000078   Data           1  os_core.o(.data)
    OSTickStepState                          0x20000079   Data           1  os_core.o(.data)
    OSCtxSwCtr                               0x2000007c   Data           4  os_core.o(.data)
    OSEventFreeList                          0x20000080   Data           4  os_core.o(.data)
    OSIdleCtrMax                             0x20000084   Data           4  os_core.o(.data)
    OSIdleCtrRun                             0x20000088   Data           4  os_core.o(.data)
    OSIdleCtr                                0x2000008c   Data           4  os_core.o(.data)
    OSTCBCur                                 0x20000090   Data           4  os_core.o(.data)
    OSTCBFreeList                            0x20000094   Data           4  os_core.o(.data)
    OSTCBHighRdy                             0x20000098   Data           4  os_core.o(.data)
    OSTCBList                                0x2000009c   Data           4  os_core.o(.data)
    OSTime                                   0x200000a0   Data           4  os_core.o(.data)
    OSRdyTbl                                 0x200000a4   Data           8  os_core.o(.data)
    OSFlagFreeList                           0x200000ac   Data           4  os_core.o(.data)
    OSMemFreeList                            0x200000b0   Data           4  os_core.o(.data)
    OSQFreeList                              0x200000b4   Data           4  os_core.o(.data)
    OSTmrFree                                0x200000b8   Data           2  os_core.o(.data)
    OSTmrUsed                                0x200000ba   Data           2  os_core.o(.data)
    OSTmrTime                                0x200000bc   Data           4  os_core.o(.data)
    OSTmrSem                                 0x200000c0   Data           4  os_core.o(.data)
    OSTmrSemSignal                           0x200000c4   Data           4  os_core.o(.data)
    OSTmrFreeList                            0x200000c8   Data           4  os_core.o(.data)
    OS_CPU_ExceptStk                         0x200028cc   Data         512  os_cpu_c.o(.bss)
    OSEventTbl                               0x20002acc   Data         240  os_core.o(.bss)
    OSTaskStatStk                            0x20002bbc   Data         512  os_core.o(.bss)
    OSTaskIdleStk                            0x20002dbc   Data         512  os_core.o(.bss)
    OSTCBPrioTbl                             0x20002fbc   Data         256  os_core.o(.bss)
    OSTCBTbl                                 0x200030bc   Data        1936  os_core.o(.bss)
    OSFlagTbl                                0x2000384c   Data          80  os_core.o(.bss)
    OSMemTbl                                 0x2000389c   Data         120  os_core.o(.bss)
    OSQTbl                                   0x20003914   Data          96  os_core.o(.bss)
    OSTmrTbl                                 0x20003974   Data         640  os_core.o(.bss)
    OSTmrTaskStk                             0x20003bf4   Data         512  os_core.o(.bss)
    OSTmrWheelTbl                            0x20003df4   Data          64  os_core.o(.bss)
    __libspace_start                         0x20003e34   Data          96  libspace.o(.bss)
    __temporary_stack_top$libspace           0x20003e94   Data           0  libspace.o(.bss)



==============================================================================

Memory Map of the image

  Image Entry point : 0x08000189

  Load Region LR_IROM1 (Base: 0x08000000, Size: 0x0000408c, Max: 0x00100000, ABSOLUTE)

    Execution Region ER_IROM1 (Base: 0x08000000, Size: 0x00003fc0, Max: 0x00100000, ABSOLUTE)

    Base Addr    Size         Type   Attr      Idx    E Section Name        Object

    0x08000000   0x00000188   Data   RO         1046    RESET               startup_stm32f4xx.o
    0x08000188   0x00000008   Code   RO         5843  * !!!main             c_w.l(__main.o)
    0x08000190   0x00000034   Code   RO         6173    !!!scatter          c_w.l(__scatter.o)
    0x080001c4   0x0000001a   Code   RO         6175    !!handler_copy      c_w.l(__scatter_copy.o)
    0x080001de   0x00000002   PAD
    0x080001e0   0x0000001c   Code   RO         6177    !!handler_zi        c_w.l(__scatter_zi.o)
    0x080001fc   0x00000006   Code   RO         5985    .ARM.Collect$$libinit$$00000000  c_w.l(libinit.o)
    0x08000202   0x00000000   Code   RO         5988    .ARM.Collect$$libinit$$00000006  c_w.l(libinit2.o)
    0x08000202   0x00000000   Code   RO         5990    .ARM.Collect$$libinit$$00000008  c_w.l(libinit2.o)
    0x08000202   0x00000000   Code   RO         5992    .ARM.Collect$$libinit$$0000000A  c_w.l(libinit2.o)
    0x08000202   0x00000000   Code   RO         5995    .ARM.Collect$$libinit$$0000000D  c_w.l(libinit2.o)
    0x08000202   0x00000000   Code   RO         5997    .ARM.Collect$$libinit$$0000000F  c_w.l(libinit2.o)
    0x08000202   0x00000000   Code   RO         5999    .ARM.Collect$$libinit$$00000011  c_w.l(libinit2.o)
    0x08000202   0x00000000   Code   RO         6001    .ARM.Collect$$libinit$$00000013  c_w.l(libinit2.o)
    0x08000202   0x00000000   Code   RO         6003    .ARM.Collect$$libinit$$00000015  c_w.l(libinit2.o)
    0x08000202   0x00000000   Code   RO         6005    .ARM.Collect$$libinit$$00000017  c_w.l(libinit2.o)
    0x08000202   0x00000000   Code   RO         6007    .ARM.Collect$$libinit$$00000019  c_w.l(libinit2.o)
    0x08000202   0x00000000   Code   RO         6009    .ARM.Collect$$libinit$$0000001B  c_w.l(libinit2.o)
    0x08000202   0x00000000   Code   RO         6011    .ARM.Collect$$libinit$$0000001D  c_w.l(libinit2.o)
    0x08000202   0x00000000   Code   RO         6013    .ARM.Collect$$libinit$$0000001F  c_w.l(libinit2.o)
    0x08000202   0x00000000   Code   RO         6015    .ARM.Collect$$libinit$$00000021  c_w.l(libinit2.o)
    0x08000202   0x00000000   Code   RO         6019    .ARM.Collect$$libinit$$00000028  c_w.l(libinit2.o)
    0x08000202   0x00000000   Code   RO         6021    .ARM.Collect$$libinit$$0000002A  c_w.l(libinit2.o)
    0x08000202   0x00000000   Code   RO         6023    .ARM.Collect$$libinit$$0000002C  c_w.l(libinit2.o)
    0x08000202   0x00000000   Code   RO         6025    .ARM.Collect$$libinit$$0000002E  c_w.l(libinit2.o)
    0x08000202   0x00000002   Code   RO         6026    .ARM.Collect$$libinit$$0000002F  c_w.l(libinit2.o)
    0x08000204   0x00000002   Code   RO         6152    .ARM.Collect$$libshutdown$$00000000  c_w.l(libshutdown.o)
    0x08000206   0x00000000   Code   RO         6029    .ARM.Collect$$libshutdown$$00000003  c_w.l(libshutdown2.o)
    0x08000206   0x00000000   Code   RO         6032    .ARM.Collect$$libshutdown$$00000006  c_w.l(libshutdown2.o)
    0x08000206   0x00000000   Code   RO         6035    .ARM.Collect$$libshutdown$$00000009  c_w.l(libshutdown2.o)
    0x08000206   0x00000000   Code   RO         6037    .ARM.Collect$$libshutdown$$0000000B  c_w.l(libshutdown2.o)
    0x08000206   0x00000000   Code   RO         6040    .ARM.Collect$$libshutdown$$0000000E  c_w.l(libshutdown2.o)
    0x08000206   0x00000002   Code   RO         6041    .ARM.Collect$$libshutdown$$0000000F  c_w.l(libshutdown2.o)
    0x08000208   0x00000000   Code   RO         5855    .ARM.Collect$$rtentry$$00000000  c_w.l(rtentry.o)
    0x08000208   0x00000000   Code   RO         5870    .ARM.Collect$$rtentry$$00000002  c_w.l(rtentry2.o)
    0x08000208   0x00000006   Code   RO         5882    .ARM.Collect$$rtentry$$00000004  c_w.l(rtentry4.o)
    0x0800020e   0x00000000   Code   RO         5872    .ARM.Collect$$rtentry$$00000009  c_w.l(rtentry2.o)
    0x0800020e   0x00000004   Code   RO         5873    .ARM.Collect$$rtentry$$0000000A  c_w.l(rtentry2.o)
    0x08000212   0x00000000   Code   RO         5875    .ARM.Collect$$rtentry$$0000000C  c_w.l(rtentry2.o)
    0x08000212   0x00000008   Code   RO         5876    .ARM.Collect$$rtentry$$0000000D  c_w.l(rtentry2.o)
    0x0800021a   0x00000002   Code   RO         6048    .ARM.Collect$$rtexit$$00000000  c_w.l(rtexit.o)
    0x0800021c   0x00000000   Code   RO         6098    .ARM.Collect$$rtexit$$00000002  c_w.l(rtexit2.o)
    0x0800021c   0x00000004   Code   RO         6099    .ARM.Collect$$rtexit$$00000003  c_w.l(rtexit2.o)
    0x08000220   0x00000006   Code   RO         6100    .ARM.Collect$$rtexit$$00000004  c_w.l(rtexit2.o)
    0x08000226   0x00000002   PAD
    0x08000228   0x00000040   Code   RO         1047    .text               startup_stm32f4xx.o
    0x08000268   0x000000a4   Code   RO         4950    .text               os_cpu_a.o
    0x0800030c   0x00000006   Code   RO         5841    .text               c_w.l(heapauxi.o)
    0x08000312   0x0000004a   Code   RO         5901    .text               c_w.l(sys_stackheap_outer.o)
    0x0800035c   0x0000000c   Code   RO         5972    .text               c_w.l(exit.o)
    0x08000368   0x00000008   Code   RO         6042    .text               c_w.l(libspace.o)
    0x08000370   0x00000002   Code   RO         6045    .text               c_w.l(use_no_semi.o)
    0x08000372   0x00000000   Code   RO         6047    .text               c_w.l(indicate_semi.o)
    0x08000372   0x00000002   PAD
    0x08000374   0x0000000c   Code   RO         6095    .text               c_w.l(sys_exit.o)
    0x08000380   0x00000058   Code   RO            2    i.App_Task1         main.o
    0x080003d8   0x0000003c   Code   RO            3    i.App_TaskStart     main.o
    0x08000414   0x000000b4   Code   RO            4    i.App_Task_Printf   main.o
    0x080004c8   0x0000000e   Code   RO          251    i.BSP_CPU_ClkFreq   bsp.o
    0x080004d6   0x0000000e   Code   RO          252    i.BSP_Init          bsp.o
    0x080004e4   0x00000002   Code   RO          184    i.BusFault_Handler  stm32f4xx_it.o
    0x080004e6   0x00000002   Code   RO          185    i.DebugMon_Handler  stm32f4xx_it.o
    0x080004e8   0x00000024   Code   RO          253    i.EXTI_Config       bsp.o
    0x0800050c   0x00000020   Code   RO         2387    i.FSMC_NORSRAMCmd   stm32f4xx_fsmc.o
    0x0800052c   0x000000c0   Code   RO         2389    i.FSMC_NORSRAMInit  stm32f4xx_fsmc.o
    0x080005ec   0x00000012   Code   RO          254    i.GPIO_Configuration  bsp.o
    0x080005fe   0x00000002   PAD
    0x08000600   0x0000007c   Code   RO         2501    i.GPIO_Init         stm32f4xx_gpio.o
    0x0800067c   0x00000020   Code   RO         2502    i.GPIO_PinAFConfig  stm32f4xx_gpio.o
    0x0800069c   0x00000004   Code   RO         2509    i.GPIO_SetBits      stm32f4xx_gpio.o
    0x080006a0   0x00000002   Code   RO          186    i.HardFault_Handler  stm32f4xx_it.o
    0x080006a2   0x00000026   Code   RO          340    i.LCD_Clear         stm324xg_eval_lcd.o
    0x080006c8   0x0000016c   Code   RO          344    i.LCD_CtrlLinesConfig  stm324xg_eval_lcd.o
    0x08000834   0x00000020   Code   RO          346    i.LCD_DisplayChar   stm324xg_eval_lcd.o
    0x08000854   0x00000038   Code   RO          349    i.LCD_DisplayStringLine  stm324xg_eval_lcd.o
    0x0800088c   0x000000a0   Code   RO          351    i.LCD_DrawChar      stm324xg_eval_lcd.o
    0x0800092c   0x0000006e   Code   RO          360    i.LCD_FSMCConfig    stm324xg_eval_lcd.o
    0x0800099a   0x00000002   PAD
    0x0800099c   0x0000000c   Code   RO          363    i.LCD_GetFont       stm324xg_eval_lcd.o
    0x080009a8   0x0000000a   Code   RO          370    i.LCD_ReadReg       stm324xg_eval_lcd.o
    0x080009b2   0x00000002   PAD
    0x080009b4   0x0000000c   Code   RO          371    i.LCD_SetBackColor  stm324xg_eval_lcd.o
    0x080009c0   0x0000000c   Code   RO          372    i.LCD_SetColors     stm324xg_eval_lcd.o
    0x080009cc   0x00000058   Code   RO          373    i.LCD_SetCursor     stm324xg_eval_lcd.o
    0x08000a24   0x0000000c   Code   RO          377    i.LCD_SetTextColor  stm324xg_eval_lcd.o
    0x08000a30   0x0000000a   Code   RO          382    i.LCD_WriteReg      stm324xg_eval_lcd.o
    0x08000a3a   0x00000002   Code   RO          187    i.MemManage_Handler  stm32f4xx_it.o
    0x08000a3c   0x00000002   Code   RO          188    i.NMI_Handler       stm32f4xx_it.o
    0x08000a3e   0x00000002   PAD
    0x08000a40   0x00000064   Code   RO         1085    i.NVIC_Init         misc.o
    0x08000aa4   0x00000014   Code   RO         1086    i.NVIC_PriorityGroupConfig  misc.o
    0x08000ab8   0x0000004c   Code   RO         5062    i.OSEventNameSet    os_core.o
    0x08000b04   0x000000e8   Code   RO         5064    i.OSInit            os_core.o
    0x08000bec   0x00000024   Code   RO         4954    i.OSInitHookBegin   os_cpu_c.o
    0x08000c10   0x00000002   Code   RO         4955    i.OSInitHookEnd     os_cpu_c.o
    0x08000c12   0x00000002   PAD
    0x08000c14   0x0000005c   Code   RO         5066    i.OSIntExit         os_core.o
    0x08000c70   0x00000098   Code   RO         5451    i.OSMutexCreate     os_mutex.o
    0x08000d08   0x000001e0   Code   RO         5453    i.OSMutexPend       os_mutex.o
    0x08000ee8   0x000000b4   Code   RO         5454    i.OSMutexPost       os_mutex.o
    0x08000f9c   0x00000078   Code   RO         5456    i.OSMutex_RdyAtPrio  os_mutex.o
    0x08001014   0x0000002c   Code   RO         5067    i.OSSchedLock       os_core.o
    0x08001040   0x0000003c   Code   RO         5068    i.OSSchedUnlock     os_core.o
    0x0800107c   0x0000004c   Code   RO         5570    i.OSSemCreate       os_sem.o
    0x080010c8   0x000000c0   Code   RO         5572    i.OSSemPend         os_sem.o
    0x08001188   0x00000058   Code   RO         5574    i.OSSemPost         os_sem.o
    0x080011e0   0x00000030   Code   RO         5069    i.OSStart           os_core.o
    0x08001210   0x00000034   Code   RO         5070    i.OSStatInit        os_core.o
    0x08001244   0x00000002   Code   RO         4956    i.OSTCBInitHook     os_cpu_c.o
    0x08001246   0x00000002   PAD
    0x08001248   0x00000090   Code   RO         5624    i.OSTaskCreate      os_task.o
    0x080012d8   0x000000b4   Code   RO         5625    i.OSTaskCreateExt   os_task.o
    0x0800138c   0x00000002   Code   RO         4957    i.OSTaskCreateHook  os_cpu_c.o
    0x0800138e   0x00000002   PAD
    0x08001390   0x00000150   Code   RO         5626    i.OSTaskDel         os_task.o
    0x080014e0   0x00000002   Code   RO         4958    i.OSTaskDelHook     os_cpu_c.o
    0x080014e2   0x00000002   Code   RO         4959    i.OSTaskIdleHook    os_cpu_c.o
    0x080014e4   0x0000006c   Code   RO         5629    i.OSTaskNameSet     os_task.o
    0x08001550   0x000000a0   Code   RO         5633    i.OSTaskResume      os_task.o
    0x080015f0   0x00000002   Code   RO         4960    i.OSTaskReturnHook  os_cpu_c.o
    0x080015f2   0x00000002   Code   RO         4961    i.OSTaskStatHook    os_cpu_c.o
    0x080015f4   0x00000088   Code   RO         5634    i.OSTaskStkChk      os_task.o
    0x0800167c   0x00000068   Code   RO         4962    i.OSTaskStkInit     os_cpu_c.o
    0x080016e4   0x000000b0   Code   RO         5635    i.OSTaskSuspend     os_task.o
    0x08001794   0x00000002   Code   RO         4963    i.OSTaskSwHook      os_cpu_c.o
    0x08001796   0x00000002   PAD
    0x08001798   0x0000006c   Code   RO         5719    i.OSTimeDly         os_time.o
    0x08001804   0x000000ac   Code   RO         5071    i.OSTimeTick        os_core.o
    0x080018b0   0x0000001c   Code   RO         4964    i.OSTimeTickHook    os_cpu_c.o
    0x080018cc   0x0000000c   Code   RO         5759    i.OSTmrSignal       os_tmr.o
    0x080018d8   0x00000128   Code   RO         5764    i.OSTmr_Init        os_tmr.o
    0x08001a00   0x00000048   Code   RO         5765    i.OSTmr_Link        os_tmr.o
    0x08001a48   0x00000078   Code   RO         5766    i.OSTmr_Task        os_tmr.o
    0x08001ac0   0x00000044   Code   RO         5767    i.OSTmr_Unlink      os_tmr.o
    0x08001b04   0x00000004   Code   RO          256    i.OS_CPU_SysTickClkFreq  bsp.o
    0x08001b08   0x00000038   Code   RO         4966    i.OS_CPU_SysTickInit  os_cpu_c.o
    0x08001b40   0x00000002   Code   RO         5073    i.OS_Dummy          os_core.o
    0x08001b42   0x00000002   PAD
    0x08001b44   0x00000078   Code   RO         5074    i.OS_EventTaskRdy   os_core.o
    0x08001bbc   0x00000024   Code   RO         5075    i.OS_EventTaskRemove  os_core.o
    0x08001be0   0x0000003c   Code   RO         5076    i.OS_EventTaskRemoveMulti  os_core.o
    0x08001c1c   0x0000005c   Code   RO         5077    i.OS_EventTaskWait  os_core.o
    0x08001c78   0x00000014   Code   RO         5079    i.OS_EventWaitListInit  os_core.o
    0x08001c8c   0x0000004c   Code   RO         5276    i.OS_FlagInit       os_flag.o
    0x08001cd8   0x00000020   Code   RO         5278    i.OS_FlagUnlink     os_flag.o
    0x08001cf8   0x00000058   Code   RO         5080    i.OS_InitEventList  os_core.o
    0x08001d50   0x00000070   Code   RO         5081    i.OS_InitTCBList    os_core.o
    0x08001dc0   0x00000012   Code   RO         5082    i.OS_MemClr         os_core.o
    0x08001dd2   0x00000002   PAD
    0x08001dd4   0x0000004c   Code   RO         5408    i.OS_MemInit        os_mem.o
    0x08001e20   0x00000040   Code   RO         5507    i.OS_QInit          os_q.o
    0x08001e60   0x00000048   Code   RO         5084    i.OS_Sched          os_core.o
    0x08001ea8   0x00000020   Code   RO         5085    i.OS_SchedNew       os_core.o
    0x08001ec8   0x00000114   Code   RO         5087    i.OS_TCBInit        os_core.o
    0x08001fdc   0x0000001c   Code   RO         5088    i.OS_TaskIdle       os_core.o
    0x08001ff8   0x00000018   Code   RO         5636    i.OS_TaskReturn     os_task.o
    0x08002010   0x00000058   Code   RO         5089    i.OS_TaskStat       os_core.o
    0x08002068   0x00000038   Code   RO         5090    i.OS_TaskStatStkChk  os_core.o
    0x080020a0   0x00000016   Code   RO         5637    i.OS_TaskStkClr     os_task.o
    0x080020b6   0x00000002   PAD
    0x080020b8   0x00000018   Code   RO         3086    i.RCC_AHB1PeriphClockCmd  stm32f4xx_rcc.o
    0x080020d0   0x00000018   Code   RO         3089    i.RCC_AHB2PeriphClockCmd  stm32f4xx_rcc.o
    0x080020e8   0x00000018   Code   RO         3092    i.RCC_AHB3PeriphClockCmd  stm32f4xx_rcc.o
    0x08002100   0x00000018   Code   RO         3098    i.RCC_APB2PeriphClockCmd  stm32f4xx_rcc.o
    0x08002118   0x0000009c   Code   RO         3107    i.RCC_GetClocksFreq  stm32f4xx_rcc.o
    0x080021b4   0x000005c4   Code   RO          384    i.STM324xG_LCD_Init  stm324xg_eval_lcd.o
    0x08002778   0x00000048   Code   RO          643    i.STM_EVAL_LEDInit  stm324xg_eval.o
    0x080027c0   0x0000001e   Code   RO          644    i.STM_EVAL_LEDInitAll  stm324xg_eval.o
    0x080027de   0x00000002   PAD
    0x080027e0   0x00000018   Code   RO          645    i.STM_EVAL_LEDOff   stm324xg_eval.o
    0x080027f8   0x0000001e   Code   RO          646    i.STM_EVAL_LEDOffAll  stm324xg_eval.o
    0x08002816   0x00000002   PAD
    0x08002818   0x00000018   Code   RO          647    i.STM_EVAL_LEDOn    stm324xg_eval.o
    0x08002830   0x0000001e   Code   RO          648    i.STM_EVAL_LEDOnAll  stm324xg_eval.o
    0x0800284e   0x00000002   Code   RO          189    i.SVC_Handler       stm32f4xx_it.o
    0x08002850   0x0000009c   Code   RO         1052    i.SetSysClock       system_stm32f4xx.o
    0x080028ec   0x00000028   Code   RO          190    i.SysTick_Handler   stm32f4xx_it.o
    0x08002914   0x0000005c   Code   RO         1054    i.SystemInit        system_stm32f4xx.o
    0x08002970   0x00000014   Code   RO          295    i.TimeTick_Decrement  delay.o
    0x08002984   0x000000b4   Code   RO          995    i.USART1_Config     usart.o
    0x08002a38   0x00000040   Code   RO          191    i.USART1_IRQHandler  stm32f4xx_it.o
    0x08002a78   0x00000016   Code   RO          997    i.USART1_Printf     usart.o
    0x08002a8e   0x00000002   PAD
    0x08002a90   0x00000020   Code   RO          999    i.USART1_SendByte   usart.o
    0x08002ab0   0x00000014   Code   RO         4713    i.USART_Cmd         stm32f4xx_usart.o
    0x08002ac4   0x0000000e   Code   RO         4716    i.USART_GetFlagStatus  stm32f4xx_usart.o
    0x08002ad2   0x0000003e   Code   RO         4717    i.USART_GetITStatus  stm32f4xx_usart.o
    0x08002b10   0x00000030   Code   RO         4719    i.USART_ITConfig    stm32f4xx_usart.o
    0x08002b40   0x000000b8   Code   RO         4720    i.USART_Init        stm32f4xx_usart.o
    0x08002bf8   0x00000008   Code   RO         4727    i.USART_ReceiveData  stm32f4xx_usart.o
    0x08002c00   0x00000008   Code   RO         4730    i.USART_SendData    stm32f4xx_usart.o
    0x08002c08   0x00000002   Code   RO          192    i.UsageFault_Handler  stm32f4xx_it.o
    0x08002c0a   0x00000002   PAD
    0x08002c0c   0x00000014   Code   RO          385    i.delay             stm324xg_eval_lcd.o
    0x08002c20   0x00000024   Code   RO            5    i.main              main.o
    0x08002c44   0x0000000a   Code   RO         6093    x$fpl$fpinit        fz_wm.l(fpinit.o)
    0x08002c4e   0x000011d0   Data   RO          386    .constdata          stm324xg_eval_lcd.o
    0x08003e1e   0x00000002   PAD
    0x08003e20   0x00000080   Data   RO          656    .constdata          stm324xg_eval.o
    0x08003ea0   0x00000100   Data   RO         5098    .constdata          os_core.o
    0x08003fa0   0x00000020   Data   RO         6171    Region$$Table       anon$$obj.o


    Execution Region RW_IRAM1 (Base: 0x20000000, Size: 0x00004498, Max: 0x00020000, ABSOLUTE)

    Base Addr    Size         Type   Attr      Idx    E Section Name        Object

    0x20000000   0x00000004   Data   RW            7    .data               main.o
    0x20000004   0x00000004   Data   RW          299    .data               delay.o
    0x20000008   0x00000014   Data   RW          391    .data               stm324xg_eval_lcd.o
    0x2000001c   0x0000003c   Data   RW          657    .data               stm324xg_eval.o
    0x20000058   0x00000010   Data   RW         3130    .data               stm32f4xx_rcc.o
    0x20000068   0x00000008   Data   RW         4968    .data               os_cpu_c.o
    0x20000070   0x0000003c   Data   RW         5099    .data               os_core.o
    0x200000ac   0x00000004   Data   RW         5100    .data               os_core.o
    0x200000b0   0x00000004   Data   RW         5101    .data               os_core.o
    0x200000b4   0x00000004   Data   RW         5102    .data               os_core.o
    0x200000b8   0x00000002   Data   RW         5103    .data               os_core.o
    0x200000ba   0x00000002   Data   RW         5104    .data               os_core.o
    0x200000bc   0x00000004   Data   RW         5105    .data               os_core.o
    0x200000c0   0x00000004   Data   RW         5106    .data               os_core.o
    0x200000c4   0x00000004   Data   RW         5107    .data               os_core.o
    0x200000c8   0x00000004   Data   RW         5108    .data               os_core.o
    0x200000cc   0x00002800   Zero   RW            6    .bss                main.o
    0x200028cc   0x00000200   Zero   RW         4967    .bss                os_cpu_c.o
    0x20002acc   0x00000d80   Zero   RW         5091    .bss                os_core.o
    0x2000384c   0x00000050   Zero   RW         5092    .bss                os_core.o
    0x2000389c   0x00000078   Zero   RW         5093    .bss                os_core.o
    0x20003914   0x00000060   Zero   RW         5094    .bss                os_core.o
    0x20003974   0x00000280   Zero   RW         5095    .bss                os_core.o
    0x20003bf4   0x00000200   Zero   RW         5096    .bss                os_core.o
    0x20003df4   0x00000040   Zero   RW         5097    .bss                os_core.o
    0x20003e34   0x00000060   Zero   RW         6043    .bss                c_w.l(libspace.o)
    0x20003e94   0x00000004   PAD
    0x20003e98   0x00000200   Zero   RW         1045    HEAP                startup_stm32f4xx.o
    0x20004098   0x00000400   Zero   RW         1044    STACK               startup_stm32f4xx.o


==============================================================================

Image component sizes


      Code (inc. data)   RO Data    RW Data    ZI Data      Debug   Object Name

        86          0          0          0          0       2595   bsp.o
        20          4          0          4          0      18928   delay.o
       364        138          0          4      10240     277129   main.o
       120         18          0          0          0       1591   misc.o
      1876        202        256         92       4968      23555   os_core.o
       164         32          0          0          0        280   os_cpu_a.o
       240         28          0          8        512      15338   os_cpu_c.o
       108         14          0          0          0       1538   os_flag.o
        76         12          0          0          0        553   os_mem.o
       932         70          0          0          0       4084   os_mutex.o
        64          8          0          0          0        599   os_q.o
       356         26          0          0          0       2470   os_sem.o
      1286        130          0          0          0       7939   os_task.o
       108         20          0          0          0        656   os_time.o
       568        130          0          0          0       3599   os_tmr.o
        64         26        392          0       1536        792   startup_stm32f4xx.o
       210         26        128         60          0       5171   stm324xg_eval.o
      2412         80       4560         20          0      12874   stm324xg_eval_lcd.o
       224          4          0          0          0       1973   stm32f4xx_fsmc.o
       160          0          0          0          0       2426   stm32f4xx_gpio.o
       118         14          0          0          0       4113   stm32f4xx_it.o
       252         42          0         16          0       5196   stm32f4xx_rcc.o
       344         10          0          0          0       5701   stm32f4xx_usart.o
       248         34          0          0          0       1765   system_stm32f4xx.o
       234         16          0          0          0       1942   usart.o

    ----------------------------------------------------------------------
     10664       1084       5370        204      17256     402807   Object Totals
         0          0         32          0          0          0   (incl. Generated)
        30          0          2          0          0          0   (incl. Padding)

    ----------------------------------------------------------------------

      Code (inc. data)   RO Data    RW Data    ZI Data      Debug   Library Member Name

         8          0          0          0          0         68   __main.o
        52          8          0          0          0          0   __scatter.o
        26          0          0          0          0          0   __scatter_copy.o
        28          0          0          0          0          0   __scatter_zi.o
        12          0          0          0          0         72   exit.o
         6          0          0          0          0        152   heapauxi.o
         0          0          0          0          0          0   indicate_semi.o
         6          0          0          0          0          0   libinit.o
         2          0          0          0          0          0   libinit2.o
         2          0          0          0          0          0   libshutdown.o
         2          0          0          0          0          0   libshutdown2.o
         8          4          0          0         96         68   libspace.o
         0          0          0          0          0          0   rtentry.o
        12          0          0          0          0          0   rtentry2.o
         6          0          0          0          0          0   rtentry4.o
         2          0          0          0          0          0   rtexit.o
        10          0          0          0          0          0   rtexit2.o
        12          4          0          0          0         68   sys_exit.o
        74          0          0          0          0         80   sys_stackheap_outer.o
         2          0          0          0          0         68   use_no_semi.o
        10          0          0          0          0        116   fpinit.o

    ----------------------------------------------------------------------
       286         16          0          0        100        692   Library Totals
         6          0          0          0          4          0   (incl. Padding)

    ----------------------------------------------------------------------

      Code (inc. data)   RO Data    RW Data    ZI Data      Debug   Library Name

       270         16          0          0         96        576   c_w.l
        10          0          0          0          0        116   fz_wm.l

    ----------------------------------------------------------------------
       286         16          0          0        100        692   Library Totals

    ----------------------------------------------------------------------

==============================================================================


      Code (inc. data)   RO Data    RW Data    ZI Data      Debug   

     10950       1100       5370        204      17356     391439   Grand Totals
     10950       1100       5370        204      17356     391439   ELF Image Totals
     10950       1100       5370        204          0          0   ROM Totals

==============================================================================

    Total RO  Size (Code + RO Data)                16320 (  15.94kB)
    Total RW  Size (RW Data + ZI Data)             17560 (  17.15kB)
    Total ROM Size (Code + RO Data + RW Data)      16524 (  16.14kB)

==============================================================================

