<html>
<body>
<pre>
<h1>礦ision Build Log</h1>
<h2>Project:</h2>
C:\Documents and Settings\Administrator\桌面\Test\Project\TestLed.uvproj
Project File Date:  09/29/2012

<h2>Output:</h2>
Build target 'TestLed'
compiling main.c...
compiling stm32f4xx_it.c...
assembling startup_stm32f4xx.s...
compiling system_stm32f4xx.c...
compiling misc.c...
compiling stm32f4xx_adc.c...
compiling stm32f4xx_can.c...
compiling stm32f4xx_crc.c...
compiling stm32f4xx_cryp.c...
compiling stm32f4xx_cryp_aes.c...
compiling stm32f4xx_cryp_des.c...
compiling stm32f4xx_cryp_tdes.c...
compiling stm32f4xx_dac.c...
compiling stm32f4xx_dbgmcu.c...
compiling stm32f4xx_dcmi.c...
compiling stm32f4xx_dma.c...
compiling stm32f4xx_exti.c...
compiling stm32f4xx_flash.c...
compiling stm32f4xx_fsmc.c...
compiling stm32f4xx_gpio.c...
compiling stm32f4xx_hash.c...
compiling stm32f4xx_hash_md5.c...
compiling stm32f4xx_hash_sha1.c...
compiling stm32f4xx_i2c.c...
compiling stm32f4xx_iwdg.c...
compiling stm32f4xx_pwr.c...
compiling stm32f4xx_rcc.c...
compiling stm32f4xx_rng.c...
compiling stm32f4xx_rtc.c...
compiling stm32f4xx_sdio.c...
compiling stm32f4xx_spi.c...
compiling stm32f4xx_syscfg.c...
compiling stm32f4xx_tim.c...
compiling stm32f4xx_usart.c...
compiling stm32f4xx_wwdg.c...
linking...
Program Size: Code=3288 RO-data=424 RW-data=36 ZI-data=1636  
"..\Obj\TestLed.axf" - 0 Error(s), 0 Warning(s).
Load "..\\Obj\\TestLed.AXF" 
Set JLink Project File to "C:\Documents and Settings\Administrator\桌面\Test\Project\JLinkSettings.ini"
 
JLink info:
------------
DLL: V4.35b, compiled Sep  2 2011 18:34:46
Firmware: J-Link ARM V8 compiled Sep  2 2011 17:54:36
Hardware: V8.00
S/N : 20100214 
Feature(s) : RDI,FlashDL,FlashBP,JFlash,GDBFull 
 
* JLink Info: Could not measure total IR len. TDO is constant high.
**JLink Warning: CPU core not found.
Build target 'TestLed'
linking...
Program Size: Code=3288 RO-data=424 RW-data=36 ZI-data=1636  
"..\Obj\TestLed.axf" - 0 Error(s), 0 Warning(s).
Load "..\\Obj\\TestLed.AXF" 
Set JLink Project File to "C:\Documents and Settings\Administrator\桌面\Test\Project\JLinkSettings.ini"
 
JLink info:
------------
DLL: V4.35b, compiled Sep  2 2011 18:34:46
Firmware: J-Link ARM V8 compiled Sep  2 2011 17:54:36
Hardware: V8.00
S/N : 20100214 
Feature(s) : RDI,FlashDL,FlashBP,JFlash,GDBFull 
 
* JLink Info: Found SWD-DP with ID 0x2BA01477
* JLink Info: TPIU fitted.
* JLink Info: ETM fitted.
* JLink Info:   FPUnit: 6 code (BP) slots and 2 literal slots
* JLink Info: Found Cortex-M4 r0p1, Little endian.
ROMTableAddr = 0xE00FF003
* JLink Info: Found SWD-DP with ID 0x2BA01477
* JLink Info: TPIU fitted.
* JLink Info: ETM fitted.
* JLink Info:   FPUnit: 6 code (BP) slots and 2 literal slots
* JLink Info: Found Cortex-M4 r0p1, Little endian.
 
Target info:
------------
Device: STM32F407ZG
VTarget = 3.241V
State of Pins: 
TCK: 0, TDI: 1, TDO: 1, TMS: 0, TRES: 1, TRST: 1
Hardware-Breakpoints: 6
Software-Breakpoints: 8192
Watchpoints:          0
JTAG speed: 2000 kHz
 
No Algorithm found for: 08000000H - 08000EA3H
Erase skipped!
Build target 'TestLed'
linking...
Program Size: Code=3288 RO-data=424 RW-data=36 ZI-data=1636  
"..\Obj\TestLed.axf" - 0 Error(s), 0 Warning(s).
Load "..\\Obj\\TestLed.AXF" 
Set JLink Project File to "C:\Documents and Settings\Administrator\桌面\Test\Project\JLinkSettings.ini"
 
JLink info:
------------
DLL: V4.35b, compiled Sep  2 2011 18:34:46
Firmware: J-Link ARM V8 compiled Sep  2 2011 17:54:36
Hardware: V8.00
S/N : 20100214 
Feature(s) : RDI,FlashDL,FlashBP,JFlash,GDBFull 
 
* JLink Info: Found SWD-DP with ID 0x2BA01477
* JLink Info: TPIU fitted.
* JLink Info: ETM fitted.
* JLink Info:   FPUnit: 6 code (BP) slots and 2 literal slots
* JLink Info: Found Cortex-M4 r0p1, Little endian.
ROMTableAddr = 0xE00FF003
* JLink Info: Found SWD-DP with ID 0x2BA01477
* JLink Info: TPIU fitted.
* JLink Info: ETM fitted.
* JLink Info:   FPUnit: 6 code (BP) slots and 2 literal slots
* JLink Info: Found Cortex-M4 r0p1, Little endian.
 
Target info:
------------
Device: STM32F407ZG
VTarget = 3.241V
State of Pins: 
TCK: 0, TDI: 1, TDO: 1, TMS: 0, TRES: 1, TRST: 1
Hardware-Breakpoints: 6
Software-Breakpoints: 8192
Watchpoints:          4
JTAG speed: 2000 kHz
 
Erase Done.
Programming Done.
Verify OK.
Build target 'TestLed'
linking...
Program Size: Code=3288 RO-data=424 RW-data=36 ZI-data=1636  
"..\Obj\TestLed.axf" - 0 Error(s), 0 Warning(s).
